Feb 26 01:19:53 osboxes systemd-modules-load[243]: Inserted module 'lp'
Feb 26 01:19:53 osboxes systemd-modules-load[243]: Inserted module 'ppdev'
Feb 26 01:19:53 osboxes systemd-modules-load[243]: Inserted module 'parport_pc'
Feb 26 01:19:53 osboxes systemd-modules-load[243]: Inserted module 'msr'
Feb 26 01:19:53 osboxes systemd-modules-load[243]: Module 'fuse' is built in
Feb 26 01:19:53 osboxes systemd[1]: Starting Flush Journal to Persistent Storage...
Feb 26 01:19:53 osboxes systemd-sysusers[254]: Creating group 'gamemode' with GID 999.
Feb 26 01:19:53 osboxes systemd-sysusers[254]: Creating group 'gnome-initial-setup' with GID 998.
Feb 26 01:19:53 osboxes systemd[1]: Finished Create System Users.
Feb 26 01:19:53 osboxes systemd[1]: Starting Create Static Device Nodes in /dev...
Feb 26 01:19:53 osboxes systemd[1]: Finished Create Static Device Nodes in /dev.
Feb 26 01:19:53 osboxes systemd[1]: Starting Rule-based Manager for Device Events and Files...
Feb 26 01:19:53 osboxes systemd[1]: Finished Flush Journal to Persistent Storage.
Feb 26 01:19:53 osboxes systemd-modules-load[243]: Inserted module 'vmwgfx'
Feb 26 01:19:53 osboxes systemd[1]: Finished Load Kernel Modules.
Feb 26 01:19:53 osboxes systemd[1]: Starting Apply Kernel Variables...
Feb 26 01:19:53 osboxes systemd[1]: Finished Apply Kernel Variables.
Feb 26 01:19:53 osboxes systemd-udevd[261]: Using default interface naming scheme 'v251'.
Feb 26 01:19:53 osboxes systemd[1]: Finished Set the console keyboard layout.
Feb 26 01:19:53 osboxes systemd[1]: Reached target Preparation for Local File Systems.
Feb 26 01:19:53 osboxes systemd[1]: Mounting Mount unit for bare, revision 5...
Feb 26 01:19:53 osboxes systemd[1]: Mounting Mount unit for core20, revision 1623...
Feb 26 01:19:53 osboxes systemd[1]: Mounting Mount unit for firefox, revision 1969...
Feb 26 01:19:53 osboxes systemd[1]: Mounting Mount unit for gnome-3-38-2004, revision 119...
Feb 26 01:19:53 osboxes systemd[1]: Mounting Mount unit for gtk-common-themes, revision 1535...
Feb 26 01:19:53 osboxes systemd[1]: Mounting Mount unit for snap-store, revision 599...
Feb 26 01:19:53 osboxes systemd[1]: Mounting Mount unit for snapd, revision 17336...
Feb 26 01:19:53 osboxes systemd[1]: Mounting Mount unit for snapd-desktop-integration, revision 14...
Feb 26 01:19:53 osboxes systemd[1]: Started Rule-based Manager for Device Events and Files.
Feb 26 01:19:53 osboxes systemd[1]: Finished Coldplug All udev Devices.
Feb 26 01:19:53 osboxes systemd[1]: Mounted Mount unit for bare, revision 5.
Feb 26 01:19:53 osboxes systemd[1]: Mounted Mount unit for core20, revision 1623.
Feb 26 01:19:53 osboxes systemd[1]: Mounted Mount unit for firefox, revision 1969.
Feb 26 01:19:53 osboxes systemd[1]: Mounted Mount unit for gnome-3-38-2004, revision 119.
Feb 26 01:19:53 osboxes systemd[1]: Mounted Mount unit for gtk-common-themes, revision 1535.
Feb 26 01:19:53 osboxes systemd[1]: Mounted Mount unit for snap-store, revision 599.
Feb 26 01:19:53 osboxes systemd[1]: Mounted Mount unit for snapd, revision 17336.
Feb 26 01:19:53 osboxes systemd[1]: Mounted Mount unit for snapd-desktop-integration, revision 14.
Feb 26 01:19:53 osboxes systemd[1]: Starting Show Plymouth Boot Screen...
Feb 26 01:19:53 osboxes systemd[1]: Received SIGRTMIN+20 from PID 290 (plymouthd).
Feb 26 01:19:53 osboxes systemd[1]: Started Show Plymouth Boot Screen.
Feb 26 01:19:53 osboxes systemd[1]: Dispatch Password Requests to Console Directory Watch was skipped because of a failed condition check (ConditionPathExists=!/run/plymouth/pid).
Feb 26 01:19:53 osboxes systemd[1]: Started Forward Password Requests to Plymouth Directory Watch.
Feb 26 01:19:53 osboxes systemd[1]: Reached target Local Encrypted Volumes.
Feb 26 01:19:53 osboxes systemd-udevd[289]: sda: Process '/usr/bin/unshare -m /usr/bin/snap auto-import --mount=/dev/sda' failed with exit code 1.
Feb 26 01:19:53 osboxes systemd-udevd[294]: sr0: Process '/usr/bin/unshare -m /usr/bin/snap auto-import --mount=/dev/sr0' failed with exit code 1.
Feb 26 01:19:53 osboxes systemd-udevd[289]: sda1: Process '/usr/bin/unshare -m /usr/bin/snap auto-import --mount=/dev/sda1' failed with exit code 1.
Feb 26 01:19:53 osboxes systemd-udevd[286]: sda3: Process '/usr/bin/unshare -m /usr/bin/snap auto-import --mount=/dev/sda3' failed with exit code 1.
Feb 26 01:19:53 osboxes systemd[1]: Found device VBOX_HARDDISK 3.
Feb 26 01:19:53 osboxes systemd-udevd[291]: sda2: Process '/usr/bin/unshare -m /usr/bin/snap auto-import --mount=/dev/sda2' failed with exit code 1.
Feb 26 01:19:53 osboxes systemd-udevd[288]: sda4: Process '/usr/bin/unshare -m /usr/bin/snap auto-import --mount=/dev/sda4' failed with exit code 1.
Feb 26 01:19:53 osboxes systemd[1]: Starting File System Check on /dev/disk/by-uuid/74BD-42DD...
Feb 26 01:19:53 osboxes systemd[1]: Found device VBOX_HARDDISK 4.
Feb 26 01:19:53 osboxes systemd[1]: Activating swap /dev/disk/by-uuid/539206a5-425d-4bce-b660-040bf295dbbc...
Feb 26 01:19:53 osboxes systemd[1]: Started File System Check Daemon to report status.
Feb 26 01:19:53 osboxes systemd-fsck[375]: fsck.fat 4.2 (2021-01-31)
Feb 26 01:19:53 osboxes systemd-fsck[375]: /dev/sda3: 11 files, 12363/94689 clusters
Feb 26 01:19:53 osboxes systemd[1]: Activated swap /dev/disk/by-uuid/539206a5-425d-4bce-b660-040bf295dbbc.
Feb 26 01:19:53 osboxes systemd[1]: Reached target Swaps.
Feb 26 01:19:53 osboxes systemd[1]: Finished File System Check on /dev/disk/by-uuid/74BD-42DD.
Feb 26 01:19:53 osboxes systemd[1]: Mounting /boot/efi...
Feb 26 01:19:53 osboxes systemd-udevd[293]: sda5: Process '/usr/bin/unshare -m /usr/bin/snap auto-import --mount=/dev/sda5' failed with exit code 1.
Feb 26 01:19:53 osboxes systemd[1]: Found device VBOX_HARDDISK 5.
Feb 26 01:19:53 osboxes systemd[1]: Starting File System Check on /dev/disk/by-uuid/3f8fe54a-611a-4073-87de-f8c53dc57563...
Feb 26 01:19:53 osboxes systemd[1]: Mounted /boot/efi.
Feb 26 01:19:53 osboxes systemd-fsck[381]: /dev/sda5: clean, 15/17760256 files, 1392392/71020288 blocks
Feb 26 01:19:53 osboxes systemd[1]: Finished File System Check on /dev/disk/by-uuid/3f8fe54a-611a-4073-87de-f8c53dc57563.
Feb 26 01:19:53 osboxes systemd[1]: Mounting /home...
Feb 26 01:19:53 osboxes systemd[1]: Mounted /home.
Feb 26 01:19:53 osboxes systemd[1]: Reached target Local File Systems.
Feb 26 01:19:53 osboxes systemd[1]: Starting Load AppArmor profiles...
Feb 26 01:19:53 osboxes systemd[1]: Starting Set console font and keymap...
Feb 26 01:19:53 osboxes systemd[1]: Starting Tell Plymouth To Write Out Runtime Data...
Feb 26 01:19:53 osboxes systemd[1]: Set Up Additional Binary Formats was skipped because all trigger condition checks failed.
Feb 26 01:19:53 osboxes systemd[1]: Starting Commit a transient machine-id on disk...
Feb 26 01:19:53 osboxes systemd[1]: Starting Create Volatile Files and Directories...
Feb 26 01:19:53 osboxes apparmor.systemd[389]: Restarting AppArmor
Feb 26 01:19:53 osboxes apparmor.systemd[389]: Reloading AppArmor profiles
Feb 26 01:19:53 osboxes systemd[1]: Starting Uncomplicated firewall...
Feb 26 01:19:53 osboxes systemd[1]: Finished Set console font and keymap.
Feb 26 01:19:53 osboxes systemd[1]: Finished Tell Plymouth To Write Out Runtime Data.
Feb 26 01:19:53 osboxes systemd[1]: Finished Uncomplicated firewall.
Feb 26 01:19:53 osboxes systemd[1]: Received SIGRTMIN+20 from PID 290 (plymouthd).
Feb 26 01:19:53 osboxes systemd[1]: Reached target Preparation for Network.
Feb 26 01:19:53 osboxes systemd[1]: etc-machine\x2did.mount: Deactivated successfully.
Feb 26 01:19:53 osboxes systemd[1]: Finished Commit a transient machine-id on disk.
Feb 26 01:19:53 osboxes systemd[1]: Finished Create Volatile Files and Directories.
Feb 26 01:19:53 osboxes systemd[1]: Starting Userspace Out-Of-Memory (OOM) Killer...
Feb 26 01:19:53 osboxes systemd[1]: Starting Network Name Resolution...
Feb 26 01:19:53 osboxes systemd[1]: Starting Network Time Synchronization...
Feb 26 01:19:53 osboxes systemd[1]: Starting Record System Boot/Shutdown in UTMP...
Feb 26 01:19:53 osboxes systemd[1]: Finished Record System Boot/Shutdown in UTMP.
Feb 26 01:19:53 osboxes mtp-probe: checking bus 2, device 2: "/sys/devices/pci0000:00/0000:00:06.0/usb2/2-1"
Feb 26 01:19:53 osboxes mtp-probe: bus: 2, device: 2 was not an MTP device
Feb 26 01:19:53 osboxes systemd[1]: Started Userspace Out-Of-Memory (OOM) Killer.
Feb 26 01:19:53 osboxes systemd-resolved[408]: Positive Trust Anchors:
Feb 26 01:19:53 osboxes systemd-resolved[408]: . IN DS 20326 8 2 e06d44b80b8f1d39a95c0b0d7c65d08458e880409bbc683457104237c7f8ec8d
Feb 26 01:19:53 osboxes systemd-resolved[408]: Negative trust anchors: home.arpa 10.in-addr.arpa 16.172.in-addr.arpa 17.172.in-addr.arpa 18.172.in-addr.arpa 19.172.in-addr.arpa 20.172.in-addr.arpa 21.172.in-addr.arpa 22.172.in-addr.arpa 23.172.in-addr.arpa 24.172.in-addr.arpa 25.172.in-addr.arpa 26.172.in-addr.arpa 27.172.in-addr.arpa 28.172.in-addr.arpa 29.172.in-addr.arpa 30.172.in-addr.arpa 31.172.in-addr.arpa 168.192.in-addr.arpa d.f.ip6.arpa corp home internal intranet lan local private test
Feb 26 01:19:53 osboxes systemd[1]: Started Network Time Synchronization.
Feb 26 01:19:53 osboxes systemd[1]: Reached target System Time Set.
Feb 26 01:19:53 osboxes apparmor.systemd[427]: Skipping profile in /etc/apparmor.d/disable: usr.sbin.rsyslogd
Feb 26 01:19:53 osboxes systemd[1]: Finished Load AppArmor profiles.
Feb 26 01:19:53 osboxes systemd[1]: Starting Load AppArmor profiles managed internally by snapd...
Feb 26 01:19:53 osboxes systemd[1]: Authentication service for virtual machines hosted on VMware was skipped because of a failed condition check (ConditionVirtualization=vmware).
Feb 26 01:19:53 osboxes systemd[1]: Service for virtual machines hosted on VMware was skipped because of a failed condition check (ConditionVirtualization=vmware).
Feb 26 01:19:53 osboxes systemd[1]: proc-sys-fs-binfmt_misc.automount: Got automount request for /proc/sys/fs/binfmt_misc, triggered by 428 (snapd-apparmor)
Feb 26 01:19:53 osboxes systemd[1]: Mounting Arbitrary Executable File Formats File System...
Feb 26 01:19:53 osboxes systemd-resolved[408]: Using system hostname 'osboxes'.
Feb 26 01:19:53 osboxes systemd[1]: Started Network Name Resolution.
Feb 26 01:19:53 osboxes systemd[1]: Reached target Host and Network Name Lookups.
Feb 26 01:19:53 osboxes systemd[1]: Mounted Arbitrary Executable File Formats File System.
Feb 26 01:19:53 osboxes systemd[1]: Listening on Load/Save RF Kill Switch Status /dev/rfkill Watch.
Feb 26 01:19:53 osboxes systemd[1]: Finished Load AppArmor profiles managed internally by snapd.
Feb 26 01:19:53 osboxes systemd[1]: Reached target System Initialization.
Feb 26 01:19:53 osboxes systemd[1]: Process error reports when automatic reporting is enabled (file watch) was skipped because of a failed condition check (ConditionPathExists=/var/lib/apport/autoreport).
Feb 26 01:19:53 osboxes systemd[1]: Started CUPS Scheduler.
Feb 26 01:19:53 osboxes systemd[1]: Started Start whoopsie on modification of the /var/crash directory.
Feb 26 01:19:53 osboxes systemd[1]: Started Trigger anacron every hour.
Feb 26 01:19:53 osboxes systemd[1]: Process error reports when automatic reporting is enabled (timer based) was skipped because of a failed condition check (ConditionPathExists=/var/lib/apport/autoreport).
Feb 26 01:19:53 osboxes systemd[1]: Started Daily apt download activities.
Feb 26 01:19:53 osboxes systemd[1]: Started Daily apt upgrade and clean activities.
Feb 26 01:19:53 osboxes systemd[1]: Started Daily dpkg database backup timer.
Feb 26 01:19:53 osboxes systemd[1]: Started Periodic ext4 Online Metadata Check for All Filesystems.
Feb 26 01:19:53 osboxes systemd[1]: Started Discard unused blocks once a week.
Feb 26 01:19:53 osboxes systemd[1]: Started Refresh fwupd metadata regularly.
Feb 26 01:19:53 osboxes systemd[1]: Started Daily rotation of log files.
Feb 26 01:19:53 osboxes systemd[1]: Started Daily man-db regeneration.
Feb 26 01:19:53 osboxes systemd[1]: Started Message of the Day.
Feb 26 01:19:53 osboxes systemd[1]: Timer to automatically fetch and run repair assertions was skipped because all trigger condition checks failed.
Feb 26 01:19:53 osboxes systemd[1]: Started Daily Cleanup of Temporary Directories.
Feb 26 01:19:53 osboxes systemd[1]: Started Ubuntu Advantage Timer for running repeated jobs.
Feb 26 01:19:53 osboxes systemd[1]: Reached target Path Units.
Feb 26 01:19:53 osboxes systemd[1]: Unix socket for apport crash forwarding was skipped because of a failed condition check (ConditionVirtualization=container).
Feb 26 01:19:53 osboxes systemd[1]: Listening on Avahi mDNS/DNS-SD Stack Activation Socket.
Feb 26 01:19:53 osboxes systemd[1]: Listening on CUPS Scheduler.
Feb 26 01:19:53 osboxes systemd[1]: Listening on D-Bus System Message Bus Socket.
Feb 26 01:19:53 osboxes systemd[1]: Starting Socket activation for snappy daemon...
Feb 26 01:19:53 osboxes systemd[1]: Listening on UUID daemon activation socket.
Feb 26 01:19:53 osboxes systemd[1]: Listening on Socket activation for snappy daemon.
Feb 26 01:19:53 osboxes systemd[1]: Reached target Socket Units.
Feb 26 01:19:53 osboxes systemd[1]: Reached target Basic System.
Feb 26 01:19:53 osboxes systemd[1]: Starting Accounts Service...
Feb 26 01:19:53 osboxes systemd[1]: Started Run anacron jobs.
Feb 26 01:19:53 osboxes anacron[484]: Anacron 2.3 started on 2023-02-26
Feb 26 01:19:53 osboxes systemd[1]: Starting LSB: automatic crash report generation...
Feb 26 01:19:53 osboxes anacron[484]: Will run job `cron.daily' in 5 min.
Feb 26 01:19:53 osboxes anacron[484]: Will run job `cron.weekly' in 10 min.
Feb 26 01:19:53 osboxes anacron[484]: Will run job `cron.monthly' in 15 min.
Feb 26 01:19:53 osboxes anacron[484]: Jobs will be executed sequentially
Feb 26 01:19:53 osboxes systemd[1]: Starting Avahi mDNS/DNS-SD Stack...
Feb 26 01:19:53 osboxes avahi-daemon[488]: Found user 'avahi' (UID 114) and group 'avahi' (GID 121).
Feb 26 01:19:53 osboxes systemd[1]: Started Regular background program processing daemon.
Feb 26 01:19:53 osboxes cron[493]: (CRON) INFO (pidfile fd = 3)
Feb 26 01:19:53 osboxes systemd[1]: Starting D-Bus System Message Bus...
Feb 26 01:19:53 osboxes cron[493]: (CRON) INFO (Running @reboot jobs)
Feb 26 01:19:53 osboxes systemd[1]: Started Save initial kernel messages after boot.
Feb 26 01:19:53 osboxes systemd[1]: Starting Remove Stale Online ext4 Metadata Check Snapshots...
Feb 26 01:19:53 osboxes systemd[1]: getty on tty2-tty6 if dbus and logind are not available was skipped because of a failed condition check (ConditionPathExists=!/usr/bin/dbus-daemon).
Feb 26 01:19:53 osboxes systemd[1]: Reached target Login Prompts.
Feb 26 01:19:53 osboxes systemd[1]: Starting Detect the available GPUs and deal with any system changes...
Feb 26 01:19:53 osboxes systemd[1]: Starting Record successful boot for GRUB...
Feb 26 01:19:53 osboxes systemd[1]: irqbalance daemon was skipped because of a failed condition check (ConditionCPUs=>1).
Feb 26 01:19:53 osboxes systemd[1]: Dispatcher daemon for systemd-networkd was skipped because all trigger condition checks failed.
Feb 26 01:19:53 osboxes systemd[1]: Starting Authorization Manager...
Feb 26 01:19:53 osboxes systemd[1]: Starting Power Profiles daemon...
Feb 26 01:19:53 osboxes dbus-daemon[494]: dbus[494]: Unknown group "power" in message bus configuration file
Feb 26 01:19:53 osboxes systemd[1]: Starting System Logging Service...
Feb 26 01:19:53 osboxes systemd[1]: Secure Boot updates for DB and DBX was skipped because of a failed condition check (ConditionPathExists=/sys/firmware/efi/efivars/db-d719b2cb-3d3a-4596-a3bc-dad00e67656f).
Feb 26 01:19:53 osboxes systemd[1]: Automatically repair incorrect owner/permissions on core devices was skipped because all trigger condition checks failed.
Feb 26 01:19:53 osboxes systemd[1]: Wait for the Ubuntu Core chooser trigger was skipped because of a failed condition check (ConditionKernelCommandLine=snapd_recovery_mode).
Feb 26 01:19:53 osboxes systemd[1]: Reached target Preparation for Logins.
Feb 26 01:19:53 osboxes systemd[1]: Starting Snap Daemon...
Feb 26 01:19:53 osboxes systemd[1]: Starting Switcheroo Control Proxy service...
Feb 26 01:19:52 osboxes dbus-daemon[494]: [system] AppArmor D-Bus mediation is enabled
Feb 26 01:19:52 osboxes systemd[1]: Starting User Login Management...
Feb 26 01:19:52 osboxes systemd[1]: Thermal Daemon Service was skipped because of a failed condition check (ConditionVirtualization=no).
Feb 26 01:19:52 osboxes systemd[1]: Ubuntu Advantage reboot cmds was skipped because of a failed condition check (ConditionPathExists=/var/lib/ubuntu-advantage/marker-reboot-cmds-required).
Feb 26 01:19:52 osboxes systemd[1]: Starting Disk Manager...
Feb 26 01:19:52 osboxes systemd[1]: Started D-Bus System Message Bus.
Feb 26 01:19:52 osboxes polkitd[504]: started daemon version 0.105 using authority implementation `local' version `0.105'
Feb 26 01:19:52 osboxes systemd[1]: e2scrub_reap.service: Deactivated successfully.
Feb 26 01:19:52 osboxes systemd[1]: Finished Remove Stale Online ext4 Metadata Check Snapshots.
Feb 26 01:19:52 osboxes udisksd[521]: udisks daemon version 2.9.4 starting
Feb 26 01:19:52 osboxes systemd[1]: gpu-manager.service: Deactivated successfully.
Feb 26 01:19:52 osboxes systemd[1]: Finished Detect the available GPUs and deal with any system changes.
Feb 26 01:19:52 osboxes udisksd[521]: failed to load module mdraid: libbd_mdraid.so.2: cannot open shared object file: No such file or directory
Feb 26 01:19:52 osboxes dbus-daemon[494]: [system] Activating systemd to hand-off: service name='org.freedesktop.login1' unit='dbus-org.freedesktop.login1.service' requested by ':1.5' (uid=0 pid=507 comm="/usr/libexec/power-profiles-daemon" label="unconfined")
Feb 26 01:19:52 osboxes udisksd[521]: Failed to load the 'mdraid' libblockdev plugin
Feb 26 01:19:53 osboxes avahi-daemon[488]: Successfully dropped root privileges.
Feb 26 01:19:53 osboxes avahi-daemon[488]: avahi-daemon 0.8 starting up.
Feb 26 01:19:53 osboxes avahi-daemon[488]: Successfully called chroot().
Feb 26 01:19:53 osboxes avahi-daemon[488]: Successfully dropped remaining capabilities.
Feb 26 01:19:53 osboxes avahi-daemon[488]: No service file found in /etc/avahi/services.
Feb 26 01:19:53 osboxes avahi-daemon[488]: Joining mDNS multicast group on interface lo.IPv6 with address ::1.
Feb 26 01:19:53 osboxes avahi-daemon[488]: New relevant interface lo.IPv6 for mDNS.
Feb 26 01:19:53 osboxes avahi-daemon[488]: Joining mDNS multicast group on interface lo.IPv4 with address 127.0.0.1.
Feb 26 01:19:53 osboxes avahi-daemon[488]: New relevant interface lo.IPv4 for mDNS.
Feb 26 01:19:53 osboxes avahi-daemon[488]: Network interface enumeration completed.
Feb 26 01:19:53 osboxes avahi-daemon[488]: Registering new address record for ::1 on lo.*.
Feb 26 01:19:53 osboxes avahi-daemon[488]: Registering new address record for 127.0.0.1 on lo.IPv4.
Feb 26 01:19:53 osboxes kernel: [    0.000000] Linux version 5.19.0-31-generic (buildd@lcy02-amd64-087) (x86_64-linux-gnu-gcc-12 (Ubuntu 12.2.0-3ubuntu1) 12.2.0, GNU ld (GNU Binutils for Ubuntu) 2.39) #32-Ubuntu SMP PREEMPT_DYNAMIC Fri Jan 20 15:20:08 UTC 2023 (Ubuntu 5.19.0-31.32-generic 5.19.17)
Feb 26 01:19:53 osboxes kernel: [    0.000000] Command line: BOOT_IMAGE=/boot/vmlinuz-5.19.0-31-generic root=UUID=5e0ba90a-8636-4357-977f-8a2ad2aa281d ro quiet splash
Feb 26 01:19:53 osboxes kernel: [    0.000000] KERNEL supported cpus:
Feb 26 01:19:53 osboxes kernel: [    0.000000]   Intel GenuineIntel
Feb 26 01:19:53 osboxes kernel: [    0.000000]   AMD AuthenticAMD
Feb 26 01:19:53 osboxes kernel: [    0.000000]   Hygon HygonGenuine
Feb 26 01:19:53 osboxes kernel: [    0.000000]   Centaur CentaurHauls
Feb 26 01:19:53 osboxes kernel: [    0.000000]   zhaoxin   Shanghai  
Feb 26 01:19:53 osboxes kernel: [    0.000000] x86/fpu: Supporting XSAVE feature 0x001: 'x87 floating point registers'
Feb 26 01:19:53 osboxes kernel: [    0.000000] x86/fpu: Supporting XSAVE feature 0x002: 'SSE registers'
Feb 26 01:19:53 osboxes kernel: [    0.000000] x86/fpu: Supporting XSAVE feature 0x004: 'AVX registers'
Feb 26 01:19:53 osboxes kernel: [    0.000000] x86/fpu: xstate_offset[2]:  576, xstate_sizes[2]:  256
Feb 26 01:19:53 osboxes kernel: [    0.000000] x86/fpu: Enabled xstate features 0x7, context size is 832 bytes, using 'standard' format.
Feb 26 01:19:53 osboxes kernel: [    0.000000] signal: max sigframe size: 1776
Feb 26 01:19:53 osboxes kernel: [    0.000000] BIOS-provided physical RAM map:
Feb 26 01:19:53 osboxes kernel: [    0.000000] BIOS-e820: [mem 0x0000000000000000-0x000000000009fbff] usable
Feb 26 01:19:53 osboxes kernel: [    0.000000] BIOS-e820: [mem 0x000000000009fc00-0x000000000009ffff] reserved
Feb 26 01:19:53 osboxes kernel: [    0.000000] BIOS-e820: [mem 0x00000000000f0000-0x00000000000fffff] reserved
Feb 26 01:19:53 osboxes kernel: [    0.000000] BIOS-e820: [mem 0x0000000000100000-0x00000000dffeffff] usable
Feb 26 01:19:53 osboxes kernel: [    0.000000] BIOS-e820: [mem 0x00000000dfff0000-0x00000000dfffffff] ACPI data
Feb 26 01:19:53 osboxes kernel: [    0.000000] BIOS-e820: [mem 0x00000000fec00000-0x00000000fec00fff] reserved
Feb 26 01:19:53 osboxes kernel: [    0.000000] BIOS-e820: [mem 0x00000000fee00000-0x00000000fee00fff] reserved
Feb 26 01:19:53 osboxes kernel: [    0.000000] BIOS-e820: [mem 0x00000000fffc0000-0x00000000ffffffff] reserved
Feb 26 01:19:53 osboxes kernel: [    0.000000] BIOS-e820: [mem 0x0000000100000000-0x000000011fffffff] usable
Feb 26 01:19:53 osboxes kernel: [    0.000000] NX (Execute Disable) protection: active
Feb 26 01:19:53 osboxes kernel: [    0.000000] SMBIOS 2.5 present.
Feb 26 01:19:53 osboxes kernel: [    0.000000] DMI: innotek GmbH VirtualBox/VirtualBox, BIOS VirtualBox 12/01/2006
Feb 26 01:19:53 osboxes kernel: [    0.000000] Hypervisor detected: KVM
Feb 26 01:19:53 osboxes kernel: [    0.000000] kvm-clock: Using msrs 4b564d01 and 4b564d00
Feb 26 01:19:53 osboxes kernel: [    0.000002] kvm-clock: using sched offset of 5379742182 cycles
Feb 26 01:19:53 osboxes kernel: [    0.000021] clocksource: kvm-clock: mask: 0xffffffffffffffff max_cycles: 0x1cd42e4dffb, max_idle_ns: 881590591483 ns
Feb 26 01:19:53 osboxes kernel: [    0.000024] tsc: Detected 2592.000 MHz processor
Feb 26 01:19:53 osboxes kernel: [    0.001403] e820: update [mem 0x00000000-0x00000fff] usable ==> reserved
Feb 26 01:19:53 osboxes kernel: [    0.001408] e820: remove [mem 0x000a0000-0x000fffff] usable
Feb 26 01:19:53 osboxes kernel: [    0.001415] last_pfn = 0x120000 max_arch_pfn = 0x400000000
Feb 26 01:19:53 osboxes kernel: [    0.001447] Disabled
Feb 26 01:19:53 osboxes kernel: [    0.001448] x86/PAT: MTRRs disabled, skipping PAT initialization too.
Feb 26 01:19:53 osboxes kernel: [    0.001451] CPU MTRRs all blank - virtualized system.
Feb 26 01:19:53 osboxes kernel: [    0.001454] x86/PAT: Configuration [0-7]: WB  WT  UC- UC  WB  WT  UC- UC  
Feb 26 01:19:53 osboxes kernel: [    0.001459] last_pfn = 0xdfff0 max_arch_pfn = 0x400000000
Feb 26 01:19:53 osboxes kernel: [    0.001576] found SMP MP-table at [mem 0x0009fff0-0x0009ffff]
Feb 26 01:19:53 osboxes kernel: [    0.002207] RAMDISK: [mem 0x2fce3000-0x33e68fff]
Feb 26 01:19:53 osboxes kernel: [    0.002215] ACPI: Early table checksum verification disabled
Feb 26 01:19:53 osboxes kernel: [    0.002219] ACPI: RSDP 0x00000000000E0000 000024 (v02 VBOX  )
Feb 26 01:19:53 osboxes kernel: [    0.002286] ACPI: XSDT 0x00000000DFFF0030 00003C (v01 VBOX   VBOXXSDT 00000001 ASL  00000061)
Feb 26 01:19:53 osboxes kernel: [    0.002295] ACPI: FACP 0x00000000DFFF00F0 0000F4 (v04 VBOX   VBOXFACP 00000001 ASL  00000061)
Feb 26 01:19:53 osboxes kernel: [    0.002304] ACPI: DSDT 0x00000000DFFF0610 002353 (v02 VBOX   VBOXBIOS 00000002 INTL 20100528)
Feb 26 01:19:53 osboxes kernel: [    0.002331] ACPI: FACS 0x00000000DFFF0200 000040
Feb 26 01:19:53 osboxes kernel: [    0.002337] ACPI: FACS 0x00000000DFFF0200 000040
Feb 26 01:19:53 osboxes kernel: [    0.002356] ACPI: APIC 0x00000000DFFF0240 000054 (v02 VBOX   VBOXAPIC 00000001 ASL  00000061)
Feb 26 01:19:53 osboxes kernel: [    0.002362] ACPI: SSDT 0x00000000DFFF02A0 00036C (v01 VBOX   VBOXCPUT 00000002 INTL 20100528)
Feb 26 01:19:53 osboxes kernel: [    0.002383] ACPI: Reserving FACP table memory at [mem 0xdfff00f0-0xdfff01e3]
Feb 26 01:19:53 osboxes kernel: [    0.002385] ACPI: Reserving DSDT table memory at [mem 0xdfff0610-0xdfff2962]
Feb 26 01:19:53 osboxes kernel: [    0.002387] ACPI: Reserving FACS table memory at [mem 0xdfff0200-0xdfff023f]
Feb 26 01:19:53 osboxes kernel: [    0.002388] ACPI: Reserving FACS table memory at [mem 0xdfff0200-0xdfff023f]
Feb 26 01:19:53 osboxes kernel: [    0.002390] ACPI: Reserving APIC table memory at [mem 0xdfff0240-0xdfff0293]
Feb 26 01:19:53 osboxes kernel: [    0.002391] ACPI: Reserving SSDT table memory at [mem 0xdfff02a0-0xdfff060b]
Feb 26 01:19:53 osboxes kernel: [    0.002823] No NUMA configuration found
Feb 26 01:19:53 osboxes kernel: [    0.002825] Faking a node at [mem 0x0000000000000000-0x000000011fffffff]
Feb 26 01:19:53 osboxes kernel: [    0.002834] NODE_DATA(0) allocated [mem 0x11ffd1000-0x11fffbfff]
Feb 26 01:19:53 osboxes kernel: [    0.003350] Zone ranges:
Feb 26 01:19:53 osboxes kernel: [    0.003351]   DMA      [mem 0x0000000000001000-0x0000000000ffffff]
Feb 26 01:19:53 osboxes kernel: [    0.003354]   DMA32    [mem 0x0000000001000000-0x00000000ffffffff]
Feb 26 01:19:53 osboxes kernel: [    0.003356]   Normal   [mem 0x0000000100000000-0x000000011fffffff]
Feb 26 01:19:53 osboxes kernel: [    0.003358]   Device   empty
Feb 26 01:19:53 osboxes kernel: [    0.003360] Movable zone start for each node
Feb 26 01:19:53 osboxes kernel: [    0.003363] Early memory node ranges
Feb 26 01:19:53 osboxes kernel: [    0.003363]   node   0: [mem 0x0000000000001000-0x000000000009efff]
Feb 26 01:19:53 osboxes kernel: [    0.003365]   node   0: [mem 0x0000000000100000-0x00000000dffeffff]
Feb 26 01:19:53 osboxes kernel: [    0.003367]   node   0: [mem 0x0000000100000000-0x000000011fffffff]
Feb 26 01:19:53 osboxes kernel: [    0.003383] Initmem setup node 0 [mem 0x0000000000001000-0x000000011fffffff]
Feb 26 01:19:53 osboxes kernel: [    0.003393] On node 0, zone DMA: 1 pages in unavailable ranges
Feb 26 01:19:53 osboxes kernel: [    0.003426] On node 0, zone DMA: 97 pages in unavailable ranges
Feb 26 01:19:53 osboxes kernel: [    0.015093] On node 0, zone Normal: 16 pages in unavailable ranges
Feb 26 01:19:53 osboxes kernel: [    0.015616] ACPI: PM-Timer IO Port: 0x4008
Feb 26 01:19:53 osboxes kernel: [    0.015686] IOAPIC[0]: apic_id 1, version 32, address 0xfec00000, GSI 0-23
Feb 26 01:19:53 osboxes kernel: [    0.015691] ACPI: INT_SRC_OVR (bus 0 bus_irq 0 global_irq 2 dfl dfl)
Feb 26 01:19:53 osboxes kernel: [    0.015693] ACPI: INT_SRC_OVR (bus 0 bus_irq 9 global_irq 9 low level)
Feb 26 01:19:53 osboxes kernel: [    0.015698] ACPI: Using ACPI (MADT) for SMP configuration information
Feb 26 01:19:53 osboxes kernel: [    0.015705] smpboot: Allowing 1 CPUs, 0 hotplug CPUs
Feb 26 01:19:53 osboxes kernel: [    0.015728] PM: hibernation: Registered nosave memory: [mem 0x00000000-0x00000fff]
Feb 26 01:19:53 osboxes kernel: [    0.015731] PM: hibernation: Registered nosave memory: [mem 0x0009f000-0x0009ffff]
Feb 26 01:19:53 osboxes kernel: [    0.015732] PM: hibernation: Registered nosave memory: [mem 0x000a0000-0x000effff]
Feb 26 01:19:53 osboxes kernel: [    0.015733] PM: hibernation: Registered nosave memory: [mem 0x000f0000-0x000fffff]
Feb 26 01:19:53 osboxes kernel: [    0.015735] PM: hibernation: Registered nosave memory: [mem 0xdfff0000-0xdfffffff]
Feb 26 01:19:53 osboxes kernel: [    0.015736] PM: hibernation: Registered nosave memory: [mem 0xe0000000-0xfebfffff]
Feb 26 01:19:53 osboxes kernel: [    0.015737] PM: hibernation: Registered nosave memory: [mem 0xfec00000-0xfec00fff]
Feb 26 01:19:53 osboxes kernel: [    0.015738] PM: hibernation: Registered nosave memory: [mem 0xfec01000-0xfedfffff]
Feb 26 01:19:53 osboxes kernel: [    0.015739] PM: hibernation: Registered nosave memory: [mem 0xfee00000-0xfee00fff]
Feb 26 01:19:53 osboxes kernel: [    0.015740] PM: hibernation: Registered nosave memory: [mem 0xfee01000-0xfffbffff]
Feb 26 01:19:53 osboxes kernel: [    0.015741] PM: hibernation: Registered nosave memory: [mem 0xfffc0000-0xffffffff]
Feb 26 01:19:53 osboxes kernel: [    0.015743] [mem 0xe0000000-0xfebfffff] available for PCI devices
Feb 26 01:19:53 osboxes kernel: [    0.015745] Booting paravirtualized kernel on KVM
Feb 26 01:19:53 osboxes kernel: [    0.015747] clocksource: refined-jiffies: mask: 0xffffffff max_cycles: 0xffffffff, max_idle_ns: 7645519600211568 ns
Feb 26 01:19:53 osboxes kernel: [    0.015754] setup_percpu: NR_CPUS:8192 nr_cpumask_bits:1 nr_cpu_ids:1 nr_node_ids:1
Feb 26 01:19:53 osboxes kernel: [    0.015847] percpu: Embedded 61 pages/cpu s212992 r8192 d28672 u2097152
Feb 26 01:19:53 osboxes kernel: [    0.015853] pcpu-alloc: s212992 r8192 d28672 u2097152 alloc=1*2097152
Feb 26 01:19:53 osboxes kernel: [    0.015856] pcpu-alloc: [0] 0 
Feb 26 01:19:53 osboxes kernel: [    0.015883] kvm-guest: PV spinlocks disabled, single CPU
Feb 26 01:19:53 osboxes kernel: [    0.015901] Fallback order for Node 0: 0 
Feb 26 01:19:53 osboxes kernel: [    0.015904] Built 1 zonelists, mobility grouping on.  Total pages: 1031920
Feb 26 01:19:53 osboxes kernel: [    0.015928] Policy zone: Normal
Feb 26 01:19:53 osboxes kernel: [    0.015929] Kernel command line: BOOT_IMAGE=/boot/vmlinuz-5.19.0-31-generic root=UUID=5e0ba90a-8636-4357-977f-8a2ad2aa281d ro quiet splash
Feb 26 01:19:53 osboxes kernel: [    0.016027] Unknown kernel command line parameters "splash BOOT_IMAGE=/boot/vmlinuz-5.19.0-31-generic", will be passed to user space.
Feb 26 01:19:53 osboxes kernel: [    0.016176] Dentry cache hash table entries: 524288 (order: 10, 4194304 bytes, linear)
Feb 26 01:19:53 osboxes kernel: [    0.016266] Inode-cache hash table entries: 262144 (order: 9, 2097152 bytes, linear)
Feb 26 01:19:53 osboxes kernel: [    0.016319] mem auto-init: stack:all(zero), heap alloc:on, heap free:off
Feb 26 01:19:53 osboxes kernel: [    0.034409] Memory: 3942268K/4193848K available (18440K kernel code, 4055K rwdata, 11256K rodata, 3160K init, 4908K bss, 251320K reserved, 0K cma-reserved)
Feb 26 01:19:53 osboxes kernel: [    0.035725] SLUB: HWalign=64, Order=0-3, MinObjects=0, CPUs=1, Nodes=1
Feb 26 01:19:53 osboxes kernel: [    0.035774] Kernel/User page tables isolation: enabled
Feb 26 01:19:53 osboxes kernel: [    0.035797] ftrace: allocating 52012 entries in 204 pages
Feb 26 01:19:53 osboxes kernel: [    0.047772] ftrace: allocated 204 pages with 4 groups
Feb 26 01:19:53 osboxes kernel: [    0.048814] Dynamic Preempt: voluntary
Feb 26 01:19:53 osboxes kernel: [    0.048975] rcu: Preemptible hierarchical RCU implementation.
Feb 26 01:19:53 osboxes kernel: [    0.048976] rcu: 	RCU restricting CPUs from NR_CPUS=8192 to nr_cpu_ids=1.
Feb 26 01:19:53 osboxes kernel: [    0.048978] 	Trampoline variant of Tasks RCU enabled.
Feb 26 01:19:53 osboxes kernel: [    0.048979] 	Rude variant of Tasks RCU enabled.
Feb 26 01:19:53 osboxes kernel: [    0.048979] 	Tracing variant of Tasks RCU enabled.
Feb 26 01:19:53 osboxes kernel: [    0.048980] rcu: RCU calculated value of scheduler-enlistment delay is 25 jiffies.
Feb 26 01:19:53 osboxes kernel: [    0.048981] rcu: Adjusting geometry for rcu_fanout_leaf=16, nr_cpu_ids=1
Feb 26 01:19:53 osboxes kernel: [    0.056410] NR_IRQS: 524544, nr_irqs: 256, preallocated irqs: 16
Feb 26 01:19:53 osboxes kernel: [    0.056632] rcu: srcu_init: Setting srcu_struct sizes based on contention.
Feb 26 01:19:53 osboxes kernel: [    0.056738] random: crng init done
Feb 26 01:19:53 osboxes kernel: [    0.071667] Console: colour VGA+ 80x25
Feb 26 01:19:53 osboxes kernel: [    0.071687] printk: console [tty0] enabled
Feb 26 01:19:53 osboxes kernel: [    0.071712] ACPI: Core revision 20220331
Feb 26 01:19:53 osboxes kernel: [    0.071837] APIC: Switch to symmetric I/O mode setup
Feb 26 01:19:53 osboxes kernel: [    0.072161] x2apic enabled
Feb 26 01:19:53 osboxes kernel: [    0.072463] Switched APIC routing to physical x2apic.
Feb 26 01:19:53 osboxes kernel: [    0.074040] ..TIMER: vector=0x30 apic1=0 pin1=2 apic2=-1 pin2=-1
Feb 26 01:19:53 osboxes kernel: [    0.074072] clocksource: tsc-early: mask: 0xffffffffffffffff max_cycles: 0x255cb6cc5db, max_idle_ns: 440795203504 ns
Feb 26 01:19:53 osboxes kernel: [    0.074080] Calibrating delay loop (skipped) preset value.. 5184.00 BogoMIPS (lpj=10368000)
Feb 26 01:19:53 osboxes kernel: [    0.074084] pid_max: default: 32768 minimum: 301
Feb 26 01:19:53 osboxes kernel: [    0.074116] LSM: Security Framework initializing
Feb 26 01:19:53 osboxes kernel: [    0.074127] landlock: Up and running.
Feb 26 01:19:53 osboxes kernel: [    0.074128] Yama: becoming mindful.
Feb 26 01:19:53 osboxes kernel: [    0.074160] AppArmor: AppArmor initialized
Feb 26 01:19:53 osboxes kernel: [    0.074195] Mount-cache hash table entries: 8192 (order: 4, 65536 bytes, linear)
Feb 26 01:19:53 osboxes kernel: [    0.074202] Mountpoint-cache hash table entries: 8192 (order: 4, 65536 bytes, linear)
Feb 26 01:19:53 osboxes kernel: [    0.074632] process: using mwait in idle threads
Feb 26 01:19:53 osboxes kernel: [    0.074638] Last level iTLB entries: 4KB 64, 2MB 8, 4MB 8
Feb 26 01:19:53 osboxes kernel: [    0.074639] Last level dTLB entries: 4KB 64, 2MB 0, 4MB 0, 1GB 4
Feb 26 01:19:53 osboxes kernel: [    0.074645] Spectre V1 : Mitigation: usercopy/swapgs barriers and __user pointer sanitization
Feb 26 01:19:53 osboxes kernel: [    0.074647] Spectre V2 : Mitigation: Retpolines
Feb 26 01:19:53 osboxes kernel: [    0.074648] Spectre V2 : Spectre v2 / SpectreRSB mitigation: Filling RSB on context switch
Feb 26 01:19:53 osboxes kernel: [    0.074650] Spectre V2 : Spectre v2 / SpectreRSB : Filling RSB on VMEXIT
Feb 26 01:19:53 osboxes kernel: [    0.074651] RETBleed: WARNING: Spectre v2 mitigation leaves CPU vulnerable to RETBleed attacks, data leaks possible!
Feb 26 01:19:53 osboxes kernel: [    0.075094] RETBleed: Vulnerable
Feb 26 01:19:53 osboxes kernel: [    0.075095] Speculative Store Bypass: Vulnerable
Feb 26 01:19:53 osboxes kernel: [    0.075103] MDS: Mitigation: Clear CPU buffers
Feb 26 01:19:53 osboxes kernel: [    0.075104] MMIO Stale Data: Mitigation: Clear CPU buffers
Feb 26 01:19:53 osboxes kernel: [    0.075107] SRBDS: Unknown: Dependent on hypervisor status
Feb 26 01:19:53 osboxes kernel: [    0.110695] Freeing SMP alternatives memory: 44K
Feb 26 01:19:53 osboxes kernel: [    0.219736] smpboot: CPU0: Intel(R) Core(TM) i7-6700HQ CPU @ 2.60GHz (family: 0x6, model: 0x5e, stepping: 0x3)
Feb 26 01:19:53 osboxes kernel: [    0.219895] cblist_init_generic: Setting adjustable number of callback queues.
Feb 26 01:19:53 osboxes kernel: [    0.219896] cblist_init_generic: Setting shift to 0 and lim to 1.
Feb 26 01:19:53 osboxes kernel: [    0.219912] cblist_init_generic: Setting shift to 0 and lim to 1.
Feb 26 01:19:53 osboxes kernel: [    0.219924] cblist_init_generic: Setting shift to 0 and lim to 1.
Feb 26 01:19:53 osboxes kernel: [    0.219935] Performance Events: unsupported p6 CPU model 94 no PMU driver, software events only.
Feb 26 01:19:53 osboxes kernel: [    0.219969] rcu: Hierarchical SRCU implementation.
Feb 26 01:19:53 osboxes kernel: [    0.219970] rcu: 	Max phase no-delay instances is 1000.
Feb 26 01:19:53 osboxes kernel: [    0.220465] NMI watchdog: Perf NMI watchdog permanently disabled
Feb 26 01:19:53 osboxes kernel: [    0.220523] smp: Bringing up secondary CPUs ...
Feb 26 01:19:53 osboxes kernel: [    0.220524] smp: Brought up 1 node, 1 CPU
Feb 26 01:19:53 osboxes kernel: [    0.220526] smpboot: Max logical packages: 1
Feb 26 01:19:53 osboxes kernel: [    0.220527] smpboot: Total of 1 processors activated (5184.00 BogoMIPS)
Feb 26 01:19:53 osboxes kernel: [    0.220719] devtmpfs: initialized
Feb 26 01:19:53 osboxes kernel: [    0.220764] x86/mm: Memory block size: 128MB
Feb 26 01:19:53 osboxes kernel: [    0.221288] clocksource: jiffies: mask: 0xffffffff max_cycles: 0xffffffff, max_idle_ns: 7645041785100000 ns
Feb 26 01:19:53 osboxes kernel: [    0.221293] futex hash table entries: 256 (order: 2, 16384 bytes, linear)
Feb 26 01:19:53 osboxes kernel: [    0.221334] pinctrl core: initialized pinctrl subsystem
Feb 26 01:19:53 osboxes kernel: [    0.221497] PM: RTC time: 06:19:46, date: 2023-02-26
Feb 26 01:19:53 osboxes kernel: [    0.221789] NET: Registered PF_NETLINK/PF_ROUTE protocol family
Feb 26 01:19:53 osboxes kernel: [    0.221901] DMA: preallocated 512 KiB GFP_KERNEL pool for atomic allocations
Feb 26 01:19:53 osboxes kernel: [    0.221931] DMA: preallocated 512 KiB GFP_KERNEL|GFP_DMA pool for atomic allocations
Feb 26 01:19:53 osboxes kernel: [    0.221960] DMA: preallocated 512 KiB GFP_KERNEL|GFP_DMA32 pool for atomic allocations
Feb 26 01:19:53 osboxes kernel: [    0.221967] audit: initializing netlink subsys (disabled)
Feb 26 01:19:53 osboxes kernel: [    0.222076] thermal_sys: Registered thermal governor 'fair_share'
Feb 26 01:19:53 osboxes kernel: [    0.222076] thermal_sys: Registered thermal governor 'bang_bang'
Feb 26 01:19:53 osboxes kernel: [    0.222076] thermal_sys: Registered thermal governor 'step_wise'
Feb 26 01:19:53 osboxes kernel: [    0.222076] thermal_sys: Registered thermal governor 'user_space'
Feb 26 01:19:53 osboxes kernel: [    0.222076] thermal_sys: Registered thermal governor 'power_allocator'
Feb 26 01:19:53 osboxes kernel: [    0.222076] EISA bus registered
Feb 26 01:19:53 osboxes kernel: [    0.222076] cpuidle: using governor ladder
Feb 26 01:19:53 osboxes kernel: [    0.222076] cpuidle: using governor menu
Feb 26 01:19:53 osboxes kernel: [    0.222076] acpiphp: ACPI Hot Plug PCI Controller Driver version: 0.5
Feb 26 01:19:53 osboxes kernel: [    0.222076] PCI: Using configuration type 1 for base access
Feb 26 01:19:53 osboxes kernel: [    0.222460] kprobes: kprobe jump-optimization is enabled. All kprobes are optimized if possible.
Feb 26 01:19:53 osboxes kernel: [    0.222480] audit: type=2000 audit(1677392391.941:1): state=initialized audit_enabled=0 res=1
Feb 26 01:19:53 osboxes kernel: [    0.261067] HugeTLB: can optimize 7 vmemmap pages for hugepages-2048kB
Feb 26 01:19:53 osboxes kernel: [    0.261071] HugeTLB registered 2.00 MiB page size, pre-allocated 0 pages
Feb 26 01:19:53 osboxes kernel: [    0.261350] ACPI: Added _OSI(Module Device)
Feb 26 01:19:53 osboxes kernel: [    0.261352] ACPI: Added _OSI(Processor Device)
Feb 26 01:19:53 osboxes kernel: [    0.261353] ACPI: Added _OSI(3.0 _SCP Extensions)
Feb 26 01:19:53 osboxes kernel: [    0.261354] ACPI: Added _OSI(Processor Aggregator Device)
Feb 26 01:19:53 osboxes kernel: [    0.261356] ACPI: Added _OSI(Linux-Dell-Video)
Feb 26 01:19:53 osboxes kernel: [    0.261357] ACPI: Added _OSI(Linux-Lenovo-NV-HDMI-Audio)
Feb 26 01:19:53 osboxes kernel: [    0.261358] ACPI: Added _OSI(Linux-HPI-Hybrid-Graphics)
Feb 26 01:19:53 osboxes kernel: [    0.265106] ACPI: 2 ACPI AML tables successfully acquired and loaded
Feb 26 01:19:53 osboxes kernel: [    0.267601] ACPI: Interpreter enabled
Feb 26 01:19:53 osboxes kernel: [    0.267640] ACPI: PM: (supports S0 S5)
Feb 26 01:19:53 osboxes kernel: [    0.267643] ACPI: Using IOAPIC for interrupt routing
Feb 26 01:19:53 osboxes kernel: [    0.267991] PCI: Using host bridge windows from ACPI; if necessary, use "pci=nocrs" and report a bug
Feb 26 01:19:53 osboxes kernel: [    0.267993] PCI: Using E820 reservations for host bridge windows
Feb 26 01:19:53 osboxes kernel: [    0.268143] ACPI: Enabled 2 GPEs in block 00 to 07
Feb 26 01:19:53 osboxes kernel: [    0.276437] ACPI: PCI Root Bridge [PCI0] (domain 0000 [bus 00-ff])
Feb 26 01:19:53 osboxes kernel: [    0.276445] acpi PNP0A03:00: _OSC: OS supports [ASPM ClockPM Segments MSI EDR HPX-Type3]
Feb 26 01:19:53 osboxes kernel: [    0.276447] acpi PNP0A03:00: _OSC: not requesting OS control; OS requires [ExtendedConfig ASPM ClockPM MSI]
Feb 26 01:19:53 osboxes kernel: [    0.277221] acpi PNP0A03:00: fail to add MMCONFIG information, can't access extended PCI configuration space under this bridge.
Feb 26 01:19:53 osboxes kernel: [    0.277742] PCI host bridge to bus 0000:00
Feb 26 01:19:53 osboxes kernel: [    0.277744] pci_bus 0000:00: root bus resource [io  0x0000-0x0cf7 window]
Feb 26 01:19:53 osboxes kernel: [    0.277747] pci_bus 0000:00: root bus resource [io  0x0d00-0xffff window]
Feb 26 01:19:53 osboxes kernel: [    0.277749] pci_bus 0000:00: root bus resource [mem 0x000a0000-0x000bffff window]
Feb 26 01:19:53 osboxes kernel: [    0.277751] pci_bus 0000:00: root bus resource [mem 0xe0000000-0xfdffffff window]
Feb 26 01:19:53 osboxes kernel: [    0.277753] pci_bus 0000:00: root bus resource [bus 00-ff]
Feb 26 01:19:53 osboxes kernel: [    0.278105] pci 0000:00:00.0: [8086:1237] type 00 class 0x060000
Feb 26 01:19:53 osboxes kernel: [    0.278718] pci 0000:00:01.0: [8086:7000] type 00 class 0x060100
Feb 26 01:19:53 osboxes kernel: [    0.279528] pci 0000:00:01.1: [8086:7111] type 00 class 0x01018a
Feb 26 01:19:53 osboxes kernel: [    0.279934] pci 0000:00:01.1: reg 0x20: [io  0xd000-0xd00f]
Feb 26 01:19:53 osboxes kernel: [    0.280183] pci 0000:00:01.1: legacy IDE quirk: reg 0x10: [io  0x01f0-0x01f7]
Feb 26 01:19:53 osboxes kernel: [    0.280185] pci 0000:00:01.1: legacy IDE quirk: reg 0x14: [io  0x03f6]
Feb 26 01:19:53 osboxes kernel: [    0.280186] pci 0000:00:01.1: legacy IDE quirk: reg 0x18: [io  0x0170-0x0177]
Feb 26 01:19:53 osboxes kernel: [    0.280188] pci 0000:00:01.1: legacy IDE quirk: reg 0x1c: [io  0x0376]
Feb 26 01:19:53 osboxes kernel: [    0.280386] pci 0000:00:02.0: [15ad:0405] type 00 class 0x030000
Feb 26 01:19:53 osboxes kernel: [    0.282086] pci 0000:00:02.0: reg 0x10: [io  0xd010-0xd01f]
Feb 26 01:19:53 osboxes kernel: [    0.283928] pci 0000:00:02.0: reg 0x14: [mem 0xe0000000-0xe0ffffff pref]
Feb 26 01:19:53 osboxes kernel: [    0.286087] pci 0000:00:02.0: reg 0x18: [mem 0xf0000000-0xf01fffff]
Feb 26 01:19:53 osboxes kernel: [    0.294439] pci 0000:00:02.0: Video device with shadowed ROM at [mem 0x000c0000-0x000dffff]
Feb 26 01:19:53 osboxes kernel: [    0.294748] pci 0000:00:03.0: [8086:100e] type 00 class 0x020000
Feb 26 01:19:53 osboxes kernel: [    0.296370] pci 0000:00:03.0: reg 0x10: [mem 0xf0200000-0xf021ffff]
Feb 26 01:19:53 osboxes kernel: [    0.299677] pci 0000:00:03.0: reg 0x18: [io  0xd020-0xd027]
Feb 26 01:19:53 osboxes kernel: [    0.306568] pci 0000:00:04.0: [80ee:cafe] type 00 class 0x088000
Feb 26 01:19:53 osboxes kernel: [    0.308233] pci 0000:00:04.0: reg 0x10: [io  0xd040-0xd05f]
Feb 26 01:19:53 osboxes kernel: [    0.310191] pci 0000:00:04.0: reg 0x14: [mem 0xf0400000-0xf07fffff]
Feb 26 01:19:53 osboxes kernel: [    0.313200] pci 0000:00:04.0: reg 0x18: [mem 0xf0800000-0xf0803fff pref]
Feb 26 01:19:53 osboxes kernel: [    0.322436] pci 0000:00:05.0: [8086:2415] type 00 class 0x040100
Feb 26 01:19:53 osboxes kernel: [    0.322579] pci 0000:00:05.0: reg 0x10: [io  0xd100-0xd1ff]
Feb 26 01:19:53 osboxes kernel: [    0.322656] pci 0000:00:05.0: reg 0x14: [io  0xd200-0xd23f]
Feb 26 01:19:53 osboxes kernel: [    0.323300] pci 0000:00:06.0: [106b:003f] type 00 class 0x0c0310
Feb 26 01:19:53 osboxes kernel: [    0.326198] pci 0000:00:06.0: reg 0x10: [mem 0xf0804000-0xf0804fff]
Feb 26 01:19:53 osboxes kernel: [    0.336351] pci 0000:00:07.0: [8086:7113] type 00 class 0x068000
Feb 26 01:19:53 osboxes kernel: [    0.338561] pci 0000:00:07.0: quirk: [io  0x4000-0x403f] claimed by PIIX4 ACPI
Feb 26 01:19:53 osboxes kernel: [    0.338575] pci 0000:00:07.0: quirk: [io  0x4100-0x410f] claimed by PIIX4 SMB
Feb 26 01:19:53 osboxes kernel: [    0.339829] pci 0000:00:0b.0: [8086:265c] type 00 class 0x0c0320
Feb 26 01:19:53 osboxes kernel: [    0.341629] pci 0000:00:0b.0: reg 0x10: [mem 0xf0805000-0xf0805fff]
Feb 26 01:19:53 osboxes kernel: [    0.352523] pci 0000:00:0d.0: [8086:2829] type 00 class 0x010601
Feb 26 01:19:53 osboxes kernel: [    0.354175] pci 0000:00:0d.0: reg 0x10: [io  0xd240-0xd247]
Feb 26 01:19:53 osboxes kernel: [    0.356186] pci 0000:00:0d.0: reg 0x14: [io  0xd248-0xd24b]
Feb 26 01:19:53 osboxes kernel: [    0.358209] pci 0000:00:0d.0: reg 0x18: [io  0xd250-0xd257]
Feb 26 01:19:53 osboxes kernel: [    0.360448] pci 0000:00:0d.0: reg 0x1c: [io  0xd258-0xd25b]
Feb 26 01:19:53 osboxes kernel: [    0.362164] pci 0000:00:0d.0: reg 0x20: [io  0xd260-0xd26f]
Feb 26 01:19:53 osboxes kernel: [    0.363585] pci 0000:00:0d.0: reg 0x24: [mem 0xf0806000-0xf0807fff]
Feb 26 01:19:53 osboxes kernel: [    0.374721] ACPI: PCI: Interrupt link LNKA configured for IRQ 11
Feb 26 01:19:53 osboxes kernel: [    0.375224] ACPI: PCI: Interrupt link LNKB configured for IRQ 10
Feb 26 01:19:53 osboxes kernel: [    0.375368] ACPI: PCI: Interrupt link LNKC configured for IRQ 9
Feb 26 01:19:53 osboxes kernel: [    0.375509] ACPI: PCI: Interrupt link LNKD configured for IRQ 11
Feb 26 01:19:53 osboxes kernel: [    0.375778] iommu: Default domain type: Translated 
Feb 26 01:19:53 osboxes kernel: [    0.375779] iommu: DMA domain TLB invalidation policy: lazy mode 
Feb 26 01:19:53 osboxes kernel: [    0.375963] SCSI subsystem initialized
Feb 26 01:19:53 osboxes kernel: [    0.375990] libata version 3.00 loaded.
Feb 26 01:19:53 osboxes kernel: [    0.376010] ACPI: bus type USB registered
Feb 26 01:19:53 osboxes kernel: [    0.376024] usbcore: registered new interface driver usbfs
Feb 26 01:19:53 osboxes kernel: [    0.376031] usbcore: registered new interface driver hub
Feb 26 01:19:53 osboxes kernel: [    0.376036] usbcore: registered new device driver usb
Feb 26 01:19:53 osboxes kernel: [    0.376055] pps_core: LinuxPPS API ver. 1 registered
Feb 26 01:19:53 osboxes kernel: [    0.376056] pps_core: Software ver. 5.3.6 - Copyright 2005-2007 Rodolfo Giometti <giometti@linux.it>
Feb 26 01:19:53 osboxes kernel: [    0.376059] PTP clock support registered
Feb 26 01:19:53 osboxes kernel: [    0.376091] EDAC MC: Ver: 3.0.0
Feb 26 01:19:53 osboxes kernel: [    0.376600] NetLabel: Initializing
Feb 26 01:19:53 osboxes kernel: [    0.376601] NetLabel:  domain hash size = 128
Feb 26 01:19:53 osboxes kernel: [    0.376602] NetLabel:  protocols = UNLABELED CIPSOv4 CALIPSO
Feb 26 01:19:53 osboxes kernel: [    0.376639] NetLabel:  unlabeled traffic allowed by default
Feb 26 01:19:53 osboxes kernel: [    0.376672] mctp: management component transport protocol core
Feb 26 01:19:53 osboxes kernel: [    0.376673] NET: Registered PF_MCTP protocol family
Feb 26 01:19:53 osboxes kernel: [    0.376678] PCI: Using ACPI for IRQ routing
Feb 26 01:19:53 osboxes kernel: [    0.376679] PCI: pci_cache_line_size set to 64 bytes
Feb 26 01:19:53 osboxes kernel: [    0.376979] e820: reserve RAM buffer [mem 0x0009fc00-0x0009ffff]
Feb 26 01:19:53 osboxes kernel: [    0.376982] e820: reserve RAM buffer [mem 0xdfff0000-0xdfffffff]
Feb 26 01:19:53 osboxes kernel: [    0.377023] pci 0000:00:02.0: vgaarb: setting as boot VGA device
Feb 26 01:19:53 osboxes kernel: [    0.377026] pci 0000:00:02.0: vgaarb: bridge control possible
Feb 26 01:19:53 osboxes kernel: [    0.377027] pci 0000:00:02.0: vgaarb: VGA device added: decodes=io+mem,owns=io+mem,locks=none
Feb 26 01:19:53 osboxes kernel: [    0.377030] vgaarb: loaded
Feb 26 01:19:53 osboxes kernel: [    0.378593] clocksource: Switched to clocksource kvm-clock
Feb 26 01:19:53 osboxes kernel: [    0.392280] VFS: Disk quotas dquot_6.6.0
Feb 26 01:19:53 osboxes kernel: [    0.392293] VFS: Dquot-cache hash table entries: 512 (order 0, 4096 bytes)
Feb 26 01:19:53 osboxes kernel: [    0.392407] AppArmor: AppArmor Filesystem Enabled
Feb 26 01:19:53 osboxes kernel: [    0.392425] pnp: PnP ACPI init
Feb 26 01:19:53 osboxes kernel: [    0.394413] pnp: PnP ACPI: found 2 devices
Feb 26 01:19:53 osboxes kernel: [    0.400943] clocksource: acpi_pm: mask: 0xffffff max_cycles: 0xffffff, max_idle_ns: 2085701024 ns
Feb 26 01:19:53 osboxes kernel: [    0.401033] NET: Registered PF_INET protocol family
Feb 26 01:19:53 osboxes kernel: [    0.401105] IP idents hash table entries: 65536 (order: 7, 524288 bytes, linear)
Feb 26 01:19:53 osboxes kernel: [    0.402312] tcp_listen_portaddr_hash hash table entries: 2048 (order: 3, 32768 bytes, linear)
Feb 26 01:19:53 osboxes kernel: [    0.402333] Table-perturb hash table entries: 65536 (order: 6, 262144 bytes, linear)
Feb 26 01:19:53 osboxes kernel: [    0.402352] TCP established hash table entries: 32768 (order: 6, 262144 bytes, linear)
Feb 26 01:19:53 osboxes kernel: [    0.402500] TCP bind hash table entries: 32768 (order: 7, 524288 bytes, linear)
Feb 26 01:19:53 osboxes kernel: [    0.402565] TCP: Hash tables configured (established 32768 bind 32768)
Feb 26 01:19:53 osboxes kernel: [    0.402665] MPTCP token hash table entries: 4096 (order: 4, 98304 bytes, linear)
Feb 26 01:19:53 osboxes kernel: [    0.402689] UDP hash table entries: 2048 (order: 4, 65536 bytes, linear)
Feb 26 01:19:53 osboxes kernel: [    0.402700] UDP-Lite hash table entries: 2048 (order: 4, 65536 bytes, linear)
Feb 26 01:19:53 osboxes kernel: [    0.402733] NET: Registered PF_UNIX/PF_LOCAL protocol family
Feb 26 01:19:53 osboxes kernel: [    0.402739] NET: Registered PF_XDP protocol family
Feb 26 01:19:53 osboxes kernel: [    0.402748] pci_bus 0000:00: resource 4 [io  0x0000-0x0cf7 window]
Feb 26 01:19:53 osboxes kernel: [    0.402751] pci_bus 0000:00: resource 5 [io  0x0d00-0xffff window]
Feb 26 01:19:53 osboxes kernel: [    0.402753] pci_bus 0000:00: resource 6 [mem 0x000a0000-0x000bffff window]
Feb 26 01:19:53 osboxes kernel: [    0.402755] pci_bus 0000:00: resource 7 [mem 0xe0000000-0xfdffffff window]
Feb 26 01:19:53 osboxes kernel: [    0.402809] pci 0000:00:00.0: Limiting direct PCI/PCI transfers
Feb 26 01:19:53 osboxes kernel: [    0.402824] pci 0000:00:01.0: Activating ISA DMA hang workarounds
Feb 26 01:19:53 osboxes kernel: [    0.407197] PCI: CLS 0 bytes, default 64
Feb 26 01:19:53 osboxes kernel: [    0.407257] Trying to unpack rootfs image as initramfs...
Feb 26 01:19:53 osboxes kernel: [    0.410338] PCI-DMA: Using software bounce buffering for IO (SWIOTLB)
Feb 26 01:19:53 osboxes kernel: [    0.410342] software IO TLB: mapped [mem 0x00000000dbff0000-0x00000000dfff0000] (64MB)
Feb 26 01:19:53 osboxes kernel: [    0.410466] clocksource: tsc: mask: 0xffffffffffffffff max_cycles: 0x255cb6cc5db, max_idle_ns: 440795203504 ns
Feb 26 01:19:53 osboxes kernel: [    0.414378] clocksource: Switched to clocksource tsc
Feb 26 01:19:53 osboxes kernel: [    0.414451] platform rtc_cmos: registered platform RTC device (no PNP device found)
Feb 26 01:19:53 osboxes kernel: [    0.414755] Initialise system trusted keyrings
Feb 26 01:19:53 osboxes kernel: [    0.414763] Key type blacklist registered
Feb 26 01:19:53 osboxes kernel: [    0.414812] workingset: timestamp_bits=36 max_order=20 bucket_order=0
Feb 26 01:19:53 osboxes kernel: [    0.416755] zbud: loaded
Feb 26 01:19:53 osboxes kernel: [    0.417151] squashfs: version 4.0 (2009/01/31) Phillip Lougher
Feb 26 01:19:53 osboxes kernel: [    0.417313] fuse: init (API version 7.36)
Feb 26 01:19:53 osboxes kernel: [    0.417443] integrity: Platform Keyring initialized
Feb 26 01:19:53 osboxes kernel: [    0.417446] integrity: Machine keyring initialized
Feb 26 01:19:53 osboxes kernel: [    0.430246] Key type asymmetric registered
Feb 26 01:19:53 osboxes kernel: [    0.430250] Asymmetric key parser 'x509' registered
Feb 26 01:19:53 osboxes kernel: [    0.842331] Freeing initrd memory: 67096K
Feb 26 01:19:53 osboxes kernel: [    0.846902] alg: self-tests for CTR-KDF (hmac(sha256)) passed
Feb 26 01:19:53 osboxes kernel: [    0.846922] Block layer SCSI generic (bsg) driver version 0.4 loaded (major 243)
Feb 26 01:19:53 osboxes kernel: [    0.846948] io scheduler mq-deadline registered
Feb 26 01:19:53 osboxes kernel: [    0.847133] shpchp: Standard Hot Plug PCI Controller Driver version: 0.4
Feb 26 01:19:53 osboxes kernel: [    0.847353] ACPI: AC: AC Adapter [AC] (on-line)
Feb 26 01:19:53 osboxes kernel: [    0.847400] input: Power Button as /devices/LNXSYSTM:00/LNXPWRBN:00/input/input0
Feb 26 01:19:53 osboxes kernel: [    0.847433] ACPI: button: Power Button [PWRF]
Feb 26 01:19:53 osboxes kernel: [    0.847532] input: Sleep Button as /devices/LNXSYSTM:00/LNXSLPBN:00/input/input1
Feb 26 01:19:53 osboxes kernel: [    0.847569] ACPI: button: Sleep Button [SLPF]
Feb 26 01:19:53 osboxes kernel: [    0.848975] ACPI: battery: Slot [BAT0] (battery present)
Feb 26 01:19:53 osboxes kernel: [    0.849098] Serial: 8250/16550 driver, 32 ports, IRQ sharing enabled
Feb 26 01:19:53 osboxes kernel: [    0.851322] Linux agpgart interface v0.103
Feb 26 01:19:53 osboxes kernel: [    0.852695] loop: module loaded
Feb 26 01:19:53 osboxes kernel: [    0.852813] ata_piix 0000:00:01.1: version 2.13
Feb 26 01:19:53 osboxes kernel: [    0.853219] scsi host0: ata_piix
Feb 26 01:19:53 osboxes kernel: [    0.853308] scsi host1: ata_piix
Feb 26 01:19:53 osboxes kernel: [    0.853347] ata1: PATA max UDMA/33 cmd 0x1f0 ctl 0x3f6 bmdma 0xd000 irq 14
Feb 26 01:19:53 osboxes kernel: [    0.853349] ata2: PATA max UDMA/33 cmd 0x170 ctl 0x376 bmdma 0xd008 irq 15
Feb 26 01:19:53 osboxes kernel: [    0.853469] tun: Universal TUN/TAP device driver, 1.6
Feb 26 01:19:53 osboxes kernel: [    0.853705] PPP generic driver version 2.4.2
Feb 26 01:19:53 osboxes kernel: [    0.853753] VFIO - User Level meta-driver version: 0.3
Feb 26 01:19:53 osboxes kernel: [    0.854107] ehci_hcd: USB 2.0 'Enhanced' Host Controller (EHCI) Driver
Feb 26 01:19:53 osboxes kernel: [    0.854158] ehci-pci: EHCI PCI platform driver
Feb 26 01:19:53 osboxes kernel: [    0.855032] ehci-pci 0000:00:0b.0: EHCI Host Controller
Feb 26 01:19:53 osboxes kernel: [    0.855037] ehci-pci 0000:00:0b.0: new USB bus registered, assigned bus number 1
Feb 26 01:19:53 osboxes kernel: [    0.855267] ehci-pci 0000:00:0b.0: irq 19, io mem 0xf0805000
Feb 26 01:19:53 osboxes kernel: [    0.870104] ehci-pci 0000:00:0b.0: USB 2.0 started, EHCI 1.00
Feb 26 01:19:53 osboxes kernel: [    0.870162] usb usb1: New USB device found, idVendor=1d6b, idProduct=0002, bcdDevice= 5.19
Feb 26 01:19:53 osboxes kernel: [    0.870165] usb usb1: New USB device strings: Mfr=3, Product=2, SerialNumber=1
Feb 26 01:19:53 osboxes kernel: [    0.870167] usb usb1: Product: EHCI Host Controller
Feb 26 01:19:53 osboxes kernel: [    0.870168] usb usb1: Manufacturer: Linux 5.19.0-31-generic ehci_hcd
Feb 26 01:19:53 osboxes kernel: [    0.870170] usb usb1: SerialNumber: 0000:00:0b.0
Feb 26 01:19:53 osboxes kernel: [    0.870258] hub 1-0:1.0: USB hub found
Feb 26 01:19:53 osboxes kernel: [    0.870264] hub 1-0:1.0: 12 ports detected
Feb 26 01:19:53 osboxes kernel: [    0.870486] ehci-platform: EHCI generic platform driver
Feb 26 01:19:53 osboxes kernel: [    0.870496] ohci_hcd: USB 1.1 'Open' Host Controller (OHCI) Driver
Feb 26 01:19:53 osboxes kernel: [    0.870499] ohci-pci: OHCI PCI platform driver
Feb 26 01:19:53 osboxes kernel: [    0.871402] ohci-pci 0000:00:06.0: OHCI PCI host controller
Feb 26 01:19:53 osboxes kernel: [    0.871408] ohci-pci 0000:00:06.0: new USB bus registered, assigned bus number 2
Feb 26 01:19:53 osboxes kernel: [    0.871477] ohci-pci 0000:00:06.0: irq 22, io mem 0xf0804000
Feb 26 01:19:53 osboxes kernel: [    0.931224] usb usb2: New USB device found, idVendor=1d6b, idProduct=0001, bcdDevice= 5.19
Feb 26 01:19:53 osboxes kernel: [    0.931229] usb usb2: New USB device strings: Mfr=3, Product=2, SerialNumber=1
Feb 26 01:19:53 osboxes kernel: [    0.931231] usb usb2: Product: OHCI PCI host controller
Feb 26 01:19:53 osboxes kernel: [    0.931232] usb usb2: Manufacturer: Linux 5.19.0-31-generic ohci_hcd
Feb 26 01:19:53 osboxes kernel: [    0.931234] usb usb2: SerialNumber: 0000:00:06.0
Feb 26 01:19:53 osboxes kernel: [    0.931418] hub 2-0:1.0: USB hub found
Feb 26 01:19:53 osboxes kernel: [    0.931451] hub 2-0:1.0: 12 ports detected
Feb 26 01:19:53 osboxes kernel: [    0.932055] ohci-platform: OHCI generic platform driver
Feb 26 01:19:53 osboxes kernel: [    0.932083] uhci_hcd: USB Universal Host Controller Interface driver
Feb 26 01:19:53 osboxes kernel: [    0.932128] i8042: PNP: PS/2 Controller [PNP0303:PS2K,PNP0f03:PS2M] at 0x60,0x64 irq 1,12
Feb 26 01:19:53 osboxes kernel: [    0.932766] serio: i8042 KBD port at 0x60,0x64 irq 1
Feb 26 01:19:53 osboxes kernel: [    0.932772] serio: i8042 AUX port at 0x60,0x64 irq 12
Feb 26 01:19:53 osboxes kernel: [    0.933047] mousedev: PS/2 mouse device common for all mice
Feb 26 01:19:53 osboxes kernel: [    0.933376] input: AT Translated Set 2 keyboard as /devices/platform/i8042/serio0/input/input2
Feb 26 01:19:53 osboxes kernel: [    0.933885] rtc_cmos rtc_cmos: registered as rtc0
Feb 26 01:19:53 osboxes kernel: [    0.933920] rtc_cmos rtc_cmos: setting system clock to 2023-02-26T06:19:47 UTC (1677392387)
Feb 26 01:19:53 osboxes kernel: [    0.933934] rtc_cmos rtc_cmos: alarms up to one day, 114 bytes nvram
Feb 26 01:19:53 osboxes kernel: [    0.933941] i2c_dev: i2c /dev entries driver
Feb 26 01:19:53 osboxes kernel: [    0.933960] device-mapper: core: CONFIG_IMA_DISABLE_HTABLE is disabled. Duplicate IMA measurements will not be recorded in the IMA log.
Feb 26 01:19:53 osboxes kernel: [    0.933988] device-mapper: uevent: version 1.0.3
Feb 26 01:19:53 osboxes kernel: [    0.934036] device-mapper: ioctl: 4.47.0-ioctl (2022-07-28) initialised: dm-devel@redhat.com
Feb 26 01:19:53 osboxes kernel: [    0.934075] platform eisa.0: Probing EISA bus 0
Feb 26 01:19:53 osboxes kernel: [    0.934077] platform eisa.0: EISA: Cannot allocate resource for mainboard
Feb 26 01:19:53 osboxes kernel: [    0.934079] platform eisa.0: Cannot allocate resource for EISA slot 1
Feb 26 01:19:53 osboxes kernel: [    0.934081] platform eisa.0: Cannot allocate resource for EISA slot 2
Feb 26 01:19:53 osboxes kernel: [    0.934082] platform eisa.0: Cannot allocate resource for EISA slot 3
Feb 26 01:19:53 osboxes kernel: [    0.934083] platform eisa.0: Cannot allocate resource for EISA slot 4
Feb 26 01:19:53 osboxes kernel: [    0.934085] platform eisa.0: Cannot allocate resource for EISA slot 5
Feb 26 01:19:53 osboxes kernel: [    0.934086] platform eisa.0: Cannot allocate resource for EISA slot 6
Feb 26 01:19:53 osboxes kernel: [    0.934087] platform eisa.0: Cannot allocate resource for EISA slot 7
Feb 26 01:19:53 osboxes kernel: [    0.934089] platform eisa.0: Cannot allocate resource for EISA slot 8
Feb 26 01:19:53 osboxes kernel: [    0.934090] platform eisa.0: EISA: Detected 0 cards
Feb 26 01:19:53 osboxes kernel: [    0.934092] intel_pstate: CPU model not supported
Feb 26 01:19:53 osboxes kernel: [    0.934101] ledtrig-cpu: registered to indicate activity on CPUs
Feb 26 01:19:53 osboxes kernel: [    0.934253] intel_pmc_core intel_pmc_core.0:  initialized
Feb 26 01:19:53 osboxes kernel: [    0.934302] drop_monitor: Initializing network drop monitor service
Feb 26 01:19:53 osboxes kernel: [    0.953160] NET: Registered PF_INET6 protocol family
Feb 26 01:19:53 osboxes kernel: [    0.958257] Segment Routing with IPv6
Feb 26 01:19:53 osboxes kernel: [    0.958277] In-situ OAM (IOAM) with IPv6
Feb 26 01:19:53 osboxes kernel: [    0.958309] NET: Registered PF_PACKET protocol family
Feb 26 01:19:53 osboxes kernel: [    0.958357] Key type dns_resolver registered
Feb 26 01:19:53 osboxes kernel: [    0.958581] IPI shorthand broadcast: enabled
Feb 26 01:19:53 osboxes kernel: [    0.958607] sched_clock: Marking stable (937498233, 17378926)->(953895978, 981181)
Feb 26 01:19:53 osboxes kernel: [    0.959036] registered taskstats version 1
Feb 26 01:19:53 osboxes kernel: [    0.959066] Loading compiled-in X.509 certificates
Feb 26 01:19:53 osboxes kernel: [    0.960095] Loaded X.509 cert 'Build time autogenerated kernel key: 88f1d130b7684b167a4b134ac9b9840b92c4f97f'
Feb 26 01:19:53 osboxes kernel: [    0.961009] Loaded X.509 cert 'Canonical Ltd. Live Patch Signing: 14df34d1a87cf37625abec039ef2bf521249b969'
Feb 26 01:19:53 osboxes kernel: [    0.961922] Loaded X.509 cert 'Canonical Ltd. Kernel Module Signing: 88f752e560a1e0737e31163a466ad7b70a850c19'
Feb 26 01:19:53 osboxes kernel: [    0.961926] blacklist: Loading compiled-in revocation X.509 certificates
Feb 26 01:19:53 osboxes kernel: [    0.961956] Loaded X.509 cert 'Canonical Ltd. Secure Boot Signing: 61482aa2830d0ab2ad5af10b7250da9033ddcef0'
Feb 26 01:19:53 osboxes kernel: [    0.961976] Loaded X.509 cert 'Canonical Ltd. Secure Boot Signing (2017): 242ade75ac4a15e50d50c84b0d45ff3eae707a03'
Feb 26 01:19:53 osboxes kernel: [    0.962001] Loaded X.509 cert 'Canonical Ltd. Secure Boot Signing (ESM 2018): 365188c1d374d6b07c3c8f240f8ef722433d6a8b'
Feb 26 01:19:53 osboxes kernel: [    0.962032] Loaded X.509 cert 'Canonical Ltd. Secure Boot Signing (2019): c0746fd6c5da3ae827864651ad66ae47fe24b3e8'
Feb 26 01:19:53 osboxes kernel: [    0.962066] Loaded X.509 cert 'Canonical Ltd. Secure Boot Signing (2021 v1): a8d54bbb3825cfb94fa13c9f8a594a195c107b8d'
Feb 26 01:19:53 osboxes kernel: [    0.962094] Loaded X.509 cert 'Canonical Ltd. Secure Boot Signing (2021 v2): 4cf046892d6fd3c9a5b03f98d845f90851dc6a8c'
Feb 26 01:19:53 osboxes kernel: [    0.962123] Loaded X.509 cert 'Canonical Ltd. Secure Boot Signing (2021 v3): 100437bb6de6e469b581e61cd66bce3ef4ed53af'
Feb 26 01:19:53 osboxes kernel: [    0.962150] Loaded X.509 cert 'Canonical Ltd. Secure Boot Signing (Ubuntu Core 2019): c1d57b8f6b743f23ee41f4f7ee292f06eecadfb9'
Feb 26 01:19:53 osboxes kernel: [    0.962252] zswap: loaded using pool lzo/zbud
Feb 26 01:19:53 osboxes kernel: [    0.962341] Key type .fscrypt registered
Feb 26 01:19:53 osboxes kernel: [    0.962342] Key type fscrypt-provisioning registered
Feb 26 01:19:53 osboxes kernel: [    0.966282] Key type encrypted registered
Feb 26 01:19:53 osboxes kernel: [    0.966286] AppArmor: AppArmor sha1 policy hashing enabled
Feb 26 01:19:53 osboxes kernel: [    0.966296] ima: No TPM chip found, activating TPM-bypass!
Feb 26 01:19:53 osboxes kernel: [    0.966300] Loading compiled-in module X.509 certificates
Feb 26 01:19:53 osboxes kernel: [    0.966949] Loaded X.509 cert 'Build time autogenerated kernel key: 88f1d130b7684b167a4b134ac9b9840b92c4f97f'
Feb 26 01:19:53 osboxes kernel: [    0.966955] ima: Allocated hash algorithm: sha1
Feb 26 01:19:53 osboxes kernel: [    0.966961] ima: No architecture policies found
Feb 26 01:19:53 osboxes kernel: [    0.966992] evm: Initialising EVM extended attributes:
Feb 26 01:19:53 osboxes kernel: [    0.966993] evm: security.selinux
Feb 26 01:19:53 osboxes kernel: [    0.966994] evm: security.SMACK64
Feb 26 01:19:53 osboxes kernel: [    0.966995] evm: security.SMACK64EXEC
Feb 26 01:19:53 osboxes kernel: [    0.966996] evm: security.SMACK64TRANSMUTE
Feb 26 01:19:53 osboxes kernel: [    0.966996] evm: security.SMACK64MMAP
Feb 26 01:19:53 osboxes kernel: [    0.966997] evm: security.apparmor
Feb 26 01:19:53 osboxes kernel: [    0.966998] evm: security.ima
Feb 26 01:19:53 osboxes kernel: [    0.966999] evm: security.capability
Feb 26 01:19:53 osboxes kernel: [    0.966999] evm: HMAC attrs: 0x1
Feb 26 01:19:53 osboxes kernel: [    0.968017] PM:   Magic number: 11:833:317
Feb 26 01:19:53 osboxes kernel: [    0.968039] tty tty42: hash matches
Feb 26 01:19:53 osboxes kernel: [    0.968052] reg-dummy reg-dummy: hash matches
Feb 26 01:19:53 osboxes kernel: [    0.968156] RAS: Correctable Errors collector initialized.
Feb 26 01:19:53 osboxes kernel: [    1.023658] ata2.00: ATAPI: VBOX CD-ROM, 1.0, max UDMA/133
Feb 26 01:19:53 osboxes kernel: [    1.024644] scsi 1:0:0:0: CD-ROM            VBOX     CD-ROM           1.0  PQ: 0 ANSI: 5
Feb 26 01:19:53 osboxes kernel: [    1.046810] sr 1:0:0:0: [sr0] scsi3-mmc drive: 32x/32x xa/form2 tray
Feb 26 01:19:53 osboxes kernel: [    1.046815] cdrom: Uniform CD-ROM driver Revision: 3.20
Feb 26 01:19:53 osboxes kernel: [    1.070750] sr 1:0:0:0: Attached scsi CD-ROM sr0
Feb 26 01:19:53 osboxes kernel: [    1.070896] sr 1:0:0:0: Attached scsi generic sg0 type 5
Feb 26 01:19:53 osboxes kernel: [    1.072800] Freeing unused decrypted memory: 2036K
Feb 26 01:19:53 osboxes kernel: [    1.073324] Freeing unused kernel image (initmem) memory: 3160K
Feb 26 01:19:53 osboxes kernel: [    1.082784] Write protecting the kernel read-only data: 32768k
Feb 26 01:19:53 osboxes kernel: [    1.083369] Freeing unused kernel image (text/rodata gap) memory: 2036K
Feb 26 01:19:53 osboxes kernel: [    1.083591] Freeing unused kernel image (rodata/data gap) memory: 1032K
Feb 26 01:19:53 osboxes kernel: [    1.200272] x86/mm: Checked W+X mappings: passed, no W+X pages found.
Feb 26 01:19:53 osboxes kernel: [    1.200276] x86/mm: Checking user space page tables
Feb 26 01:19:53 osboxes kernel: [    1.269154] x86/mm: Checked W+X mappings: passed, no W+X pages found.
Feb 26 01:19:53 osboxes kernel: [    1.269187] Run /init as init process
Feb 26 01:19:53 osboxes kernel: [    1.269189]   with arguments:
Feb 26 01:19:53 osboxes kernel: [    1.269190]     /init
Feb 26 01:19:53 osboxes kernel: [    1.269192]     splash
Feb 26 01:19:53 osboxes kernel: [    1.269193]   with environment:
Feb 26 01:19:53 osboxes kernel: [    1.269193]     HOME=/
Feb 26 01:19:53 osboxes kernel: [    1.269194]     TERM=linux
Feb 26 01:19:53 osboxes kernel: [    1.269195]     BOOT_IMAGE=/boot/vmlinuz-5.19.0-31-generic
Feb 26 01:19:53 osboxes kernel: [    1.326191] usb 2-1: new full-speed USB device number 2 using ohci-pci
Feb 26 01:19:53 osboxes kernel: [    1.464230] ACPI: video: Video Device [GFX0] (multi-head: yes  rom: no  post: no)
Feb 26 01:19:53 osboxes kernel: [    1.464388] input: Video Bus as /devices/LNXSYSTM:00/LNXSYBUS:00/PNP0A03:00/LNXVIDEO:00/input/input4
Feb 26 01:19:53 osboxes kernel: [    1.489511] piix4_smbus 0000:00:07.0: SMBus Host Controller at 0x4100, revision 0
Feb 26 01:19:53 osboxes kernel: [    1.497567] e1000: Intel(R) PRO/1000 Network Driver
Feb 26 01:19:53 osboxes kernel: [    1.497570] e1000: Copyright (c) 1999-2006 Intel Corporation.
Feb 26 01:19:53 osboxes kernel: [    1.501541] ahci 0000:00:0d.0: version 3.0
Feb 26 01:19:53 osboxes kernel: [    1.529836] ahci 0000:00:0d.0: SSS flag set, parallel bus scan disabled
Feb 26 01:19:53 osboxes kernel: [    1.530205] ahci 0000:00:0d.0: AHCI 0001.0100 32 slots 1 ports 3 Gbps 0x1 impl SATA mode
Feb 26 01:19:53 osboxes kernel: [    1.530213] ahci 0000:00:0d.0: flags: 64bit ncq stag only ccc 
Feb 26 01:19:53 osboxes kernel: [    1.546260] scsi host2: ahci
Feb 26 01:19:53 osboxes kernel: [    1.546435] ata3: SATA max UDMA/133 abar m8192@0xf0806000 port 0xf0806100 irq 21
Feb 26 01:19:53 osboxes kernel: [    1.641039] usb 2-1: New USB device found, idVendor=80ee, idProduct=0021, bcdDevice= 1.00
Feb 26 01:19:53 osboxes kernel: [    1.641059] usb 2-1: New USB device strings: Mfr=1, Product=3, SerialNumber=0
Feb 26 01:19:53 osboxes kernel: [    1.641061] usb 2-1: Product: USB Tablet
Feb 26 01:19:53 osboxes kernel: [    1.641063] usb 2-1: Manufacturer: VirtualBox
Feb 26 01:19:53 osboxes kernel: [    1.661803] hid: raw HID events driver (C) Jiri Kosina
Feb 26 01:19:53 osboxes kernel: [    1.715962] input: ImExPS/2 Generic Explorer Mouse as /devices/platform/i8042/serio1/input/input5
Feb 26 01:19:53 osboxes kernel: [    1.860852] ata3: SATA link up 3.0 Gbps (SStatus 123 SControl 300)
Feb 26 01:19:53 osboxes kernel: [    1.861137] ata3.00: ATA-6: VBOX HARDDISK, 1.0, max UDMA/133
Feb 26 01:19:53 osboxes kernel: [    1.861140] ata3.00: 1048576000 sectors, multi 128: LBA48 NCQ (depth 32)
Feb 26 01:19:53 osboxes kernel: [    1.870793] ata3.00: configured for UDMA/133
Feb 26 01:19:53 osboxes kernel: [    1.870883] scsi 2:0:0:0: Direct-Access     ATA      VBOX HARDDISK    1.0  PQ: 0 ANSI: 5
Feb 26 01:19:53 osboxes kernel: [    1.871133] sd 2:0:0:0: [sda] 1048576000 512-byte logical blocks: (537 GB/500 GiB)
Feb 26 01:19:53 osboxes kernel: [    1.871141] sd 2:0:0:0: [sda] Write Protect is off
Feb 26 01:19:53 osboxes kernel: [    1.871143] sd 2:0:0:0: [sda] Mode Sense: 00 3a 00 00
Feb 26 01:19:53 osboxes kernel: [    1.871153] sd 2:0:0:0: [sda] Write cache: enabled, read cache: enabled, doesn't support DPO or FUA
Feb 26 01:19:53 osboxes kernel: [    1.871168] sd 2:0:0:0: [sda] Preferred minimum I/O size 512 bytes
Feb 26 01:19:53 osboxes kernel: [    1.871427] sd 2:0:0:0: Attached scsi generic sg1 type 0
Feb 26 01:19:53 osboxes kernel: [    1.933560]  sda: sda1 sda2 sda3 sda4 sda5
Feb 26 01:19:53 osboxes kernel: [    1.933832] sd 2:0:0:0: [sda] Attached SCSI disk
Feb 26 01:19:53 osboxes kernel: [    1.970522] usbcore: registered new interface driver usbhid
Feb 26 01:19:53 osboxes kernel: [    1.970526] usbhid: USB HID core driver
Feb 26 01:19:53 osboxes kernel: [    1.975509] input: VirtualBox USB Tablet as /devices/pci0000:00/0000:00:06.0/usb2/2-1/2-1:1.0/0003:80EE:0021.0001/input/input6
Feb 26 01:19:53 osboxes kernel: [    1.975886] hid-generic 0003:80EE:0021.0001: input,hidraw0: USB HID v1.10 Mouse [VirtualBox USB Tablet] on usb-0000:00:06.0-1/input0
Feb 26 01:19:53 osboxes kernel: [    2.075373] e1000 0000:00:03.0 eth0: (PCI:33MHz:32-bit) 08:00:27:3c:d4:a9
Feb 26 01:19:53 osboxes kernel: [    2.075461] e1000 0000:00:03.0 eth0: Intel(R) PRO/1000 Network Connection
Feb 26 01:19:53 osboxes kernel: [    2.086935] e1000 0000:00:03.0 enp0s3: renamed from eth0
Feb 26 01:19:53 osboxes kernel: [    2.227397] EXT4-fs (sda1): mounted filesystem with ordered data mode. Quota mode: none.
Feb 26 01:19:53 osboxes kernel: [    2.386819] systemd[1]: Inserted module 'autofs4'
Feb 26 01:19:53 osboxes kernel: [    2.407073] systemd[1]: systemd 251.4-1ubuntu7 running in system mode (+PAM +AUDIT +SELINUX +APPARMOR +IMA +SMACK +SECCOMP +GCRYPT -GNUTLS +OPENSSL +ACL +BLKID +CURL +ELFUTILS +FIDO2 +IDN2 -IDN +IPTC +KMOD +LIBCRYPTSETUP +LIBFDISK +PCRE2 -PWQUALITY -P11KIT -QRENCODE +TPM2 +BZIP2 +LZ4 +XZ +ZLIB +ZSTD -BPF_FRAMEWORK -XKBCOMMON +UTMP +SYSVINIT default-hierarchy=unified)
Feb 26 01:19:53 osboxes kernel: [    2.407078] systemd[1]: Detected virtualization oracle.
Feb 26 01:19:53 osboxes kernel: [    2.407082] systemd[1]: Detected architecture x86-64.
Feb 26 01:19:53 osboxes kernel: [    2.408141] systemd[1]: Hostname set to <osboxes>.
Feb 26 01:19:53 osboxes kernel: [    2.411317] systemd[1]: Initializing machine ID from random generator.
Feb 26 01:19:53 osboxes kernel: [    2.411364] systemd[1]: Installed transient /etc/machine-id file.
Feb 26 01:19:53 osboxes kernel: [    2.718924] systemd[1]: Queued start job for default target Graphical Interface.
Feb 26 01:19:53 osboxes kernel: [    2.721008] systemd[1]: Created slice Slice /system/modprobe.
Feb 26 01:19:53 osboxes kernel: [    2.721573] systemd[1]: Created slice Slice /system/systemd-fsck.
Feb 26 01:19:53 osboxes kernel: [    2.721810] systemd[1]: Created slice User and Session Slice.
Feb 26 01:19:53 osboxes kernel: [    2.721889] systemd[1]: Started Forward Password Requests to Wall Directory Watch.
Feb 26 01:19:53 osboxes kernel: [    2.722214] systemd[1]: Set up automount Arbitrary Executable File Formats File System Automount Point.
Feb 26 01:19:53 osboxes kernel: [    2.722295] systemd[1]: Reached target Local Integrity Protected Volumes.
Feb 26 01:19:53 osboxes kernel: [    2.722423] systemd[1]: Reached target User and Group Name Lookups.
Feb 26 01:19:53 osboxes kernel: [    2.722452] systemd[1]: Reached target Remote File Systems.
Feb 26 01:19:53 osboxes kernel: [    2.722492] systemd[1]: Reached target Slice Units.
Feb 26 01:19:53 osboxes kernel: [    2.722588] systemd[1]: Reached target Local Verity Protected Volumes.
Feb 26 01:19:53 osboxes kernel: [    2.722867] systemd[1]: Listening on Syslog Socket.
Feb 26 01:19:53 osboxes kernel: [    2.723050] systemd[1]: Listening on fsck to fsckd communication Socket.
Feb 26 01:19:53 osboxes kernel: [    2.723115] systemd[1]: Listening on initctl Compatibility Named Pipe.
Feb 26 01:19:53 osboxes kernel: [    2.723419] systemd[1]: Listening on Journal Audit Socket.
Feb 26 01:19:53 osboxes kernel: [    2.723524] systemd[1]: Listening on Journal Socket (/dev/log).
Feb 26 01:19:53 osboxes kernel: [    2.723648] systemd[1]: Listening on Journal Socket.
Feb 26 01:19:53 osboxes kernel: [    2.723761] systemd[1]: Listening on Userspace Out-Of-Memory (OOM) Killer Socket.
Feb 26 01:19:53 osboxes kernel: [    2.724381] systemd[1]: Listening on udev Control Socket.
Feb 26 01:19:53 osboxes kernel: [    2.724499] systemd[1]: Listening on udev Kernel Socket.
Feb 26 01:19:53 osboxes kernel: [    2.725440] systemd[1]: Mounting Huge Pages File System...
Feb 26 01:19:53 osboxes kernel: [    2.726632] systemd[1]: Mounting POSIX Message Queue File System...
Feb 26 01:19:53 osboxes kernel: [    2.727734] systemd[1]: Mounting Kernel Debug File System...
Feb 26 01:19:53 osboxes kernel: [    2.729062] systemd[1]: Mounting Kernel Trace File System...
Feb 26 01:19:53 osboxes kernel: [    2.737927] systemd[1]: Starting Journal Service...
Feb 26 01:19:53 osboxes kernel: [    2.740347] systemd[1]: Starting Set the console keyboard layout...
Feb 26 01:19:53 osboxes kernel: [    2.747039] systemd[1]: Starting Create List of Static Device Nodes...
Feb 26 01:19:53 osboxes kernel: [    2.750611] systemd[1]: Starting Load Kernel Module chromeos_pstore...
Feb 26 01:19:53 osboxes kernel: [    2.765756] systemd[1]: Starting Load Kernel Module configfs...
Feb 26 01:19:53 osboxes kernel: [    2.770330] systemd[1]: Starting Load Kernel Module drm...
Feb 26 01:19:53 osboxes kernel: [    2.784647] systemd[1]: Starting Load Kernel Module efi_pstore...
Feb 26 01:19:53 osboxes kernel: [    2.799020] systemd[1]: Starting Load Kernel Module fuse...
Feb 26 01:19:53 osboxes kernel: [    2.806112] systemd[1]: Starting Load Kernel Module pstore_blk...
Feb 26 01:19:53 osboxes kernel: [    2.823631] systemd[1]: Starting Load Kernel Module pstore_zone...
Feb 26 01:19:53 osboxes kernel: [    2.825933] systemd[1]: Starting Load Kernel Module ramoops...
Feb 26 01:19:53 osboxes kernel: [    2.829687] systemd[1]: File System Check on Root Device was skipped because of a failed condition check (ConditionPathExists=!/run/initramfs/fsck-root).
Feb 26 01:19:53 osboxes kernel: [    2.859172] systemd[1]: Starting Load Kernel Modules...
Feb 26 01:19:53 osboxes kernel: [    2.870249] systemd[1]: Starting Remount Root and Kernel File Systems...
Feb 26 01:19:53 osboxes kernel: [    2.870331] systemd[1]: Repartition Root Disk was skipped because all trigger condition checks failed.
Feb 26 01:19:53 osboxes kernel: [    2.878402] systemd[1]: Starting Coldplug All udev Devices...
Feb 26 01:19:53 osboxes kernel: [    2.881163] systemd[1]: Mounted Huge Pages File System.
Feb 26 01:19:53 osboxes kernel: [    2.881372] systemd[1]: Mounted POSIX Message Queue File System.
Feb 26 01:19:53 osboxes kernel: [    2.881576] systemd[1]: Mounted Kernel Debug File System.
Feb 26 01:19:53 osboxes kernel: [    2.881664] systemd[1]: Mounted Kernel Trace File System.
Feb 26 01:19:53 osboxes kernel: [    2.887243] ACPI: bus type drm_connector registered
Feb 26 01:19:53 osboxes kernel: [    2.890490] EXT4-fs (sda1): re-mounted. Quota mode: none.
Feb 26 01:19:53 osboxes kernel: [    2.895563] systemd[1]: Finished Create List of Static Device Nodes.
Feb 26 01:19:53 osboxes kernel: [    2.907401] systemd[1]: modprobe@chromeos_pstore.service: Deactivated successfully.
Feb 26 01:19:53 osboxes kernel: [    2.912840] systemd[1]: Finished Load Kernel Module chromeos_pstore.
Feb 26 01:19:53 osboxes kernel: [    2.913892] systemd[1]: modprobe@configfs.service: Deactivated successfully.
Feb 26 01:19:53 osboxes kernel: [    2.914310] systemd[1]: Finished Load Kernel Module configfs.
Feb 26 01:19:53 osboxes kernel: [    2.918338] systemd[1]: modprobe@drm.service: Deactivated successfully.
Feb 26 01:19:53 osboxes kernel: [    2.918488] systemd[1]: Finished Load Kernel Module drm.
Feb 26 01:19:53 osboxes kernel: [    2.918863] systemd[1]: modprobe@efi_pstore.service: Deactivated successfully.
Feb 26 01:19:53 osboxes kernel: [    2.918983] systemd[1]: Finished Load Kernel Module efi_pstore.
Feb 26 01:19:53 osboxes kernel: [    2.919225] systemd[1]: modprobe@fuse.service: Deactivated successfully.
Feb 26 01:19:53 osboxes kernel: [    2.919341] systemd[1]: Finished Load Kernel Module fuse.
Feb 26 01:19:53 osboxes kernel: [    2.919631] systemd[1]: modprobe@pstore_blk.service: Deactivated successfully.
Feb 26 01:19:53 osboxes kernel: [    2.919751] systemd[1]: Finished Load Kernel Module pstore_blk.
Feb 26 01:19:53 osboxes kernel: [    2.920038] systemd[1]: modprobe@pstore_zone.service: Deactivated successfully.
Feb 26 01:19:53 osboxes kernel: [    2.920205] systemd[1]: Finished Load Kernel Module pstore_zone.
Feb 26 01:19:53 osboxes kernel: [    2.920537] systemd[1]: modprobe@ramoops.service: Deactivated successfully.
Feb 26 01:19:53 osboxes kernel: [    2.920677] systemd[1]: Finished Load Kernel Module ramoops.
Feb 26 01:19:53 osboxes kernel: [    2.920903] systemd[1]: Finished Remount Root and Kernel File Systems.
Feb 26 01:19:53 osboxes kernel: [    2.927117] lp: driver loaded but no devices found
Feb 26 01:19:53 osboxes kernel: [    2.940212] ppdev: user-space parallel port driver
Feb 26 01:19:53 osboxes kernel: [    2.940628] systemd[1]: Mounting FUSE Control File System...
Feb 26 01:19:53 osboxes kernel: [    2.962926] systemd[1]: Mounting Kernel Configuration File System...
Feb 26 01:19:53 osboxes kernel: [    2.963175] systemd[1]: Platform Persistent Storage Archival was skipped because of a failed condition check (ConditionDirectoryNotEmpty=/sys/fs/pstore).
Feb 26 01:19:53 osboxes kernel: [    2.987384] systemd[1]: Starting Load/Save Random Seed...
Feb 26 01:19:53 osboxes kernel: [    2.995455] systemd[1]: Starting Create System Users...
Feb 26 01:19:53 osboxes kernel: [    3.016880] systemd[1]: Mounted FUSE Control File System.
Feb 26 01:19:53 osboxes kernel: [    3.016981] systemd[1]: Mounted Kernel Configuration File System.
Feb 26 01:19:53 osboxes kernel: [    3.026464] systemd[1]: Finished Load/Save Random Seed.
Feb 26 01:19:53 osboxes kernel: [    3.026881] systemd[1]: First Boot Complete was skipped because of a failed condition check (ConditionFirstBoot=yes).
Feb 26 01:19:53 osboxes kernel: [    3.026899] systemd[1]: VMware vmblock fuse mount was skipped because of a failed condition check (ConditionVirtualization=vmware).
Feb 26 01:19:53 osboxes kernel: [    3.039477] systemd[1]: Started Journal Service.
Feb 26 01:19:53 osboxes kernel: [    3.070680] systemd-journald[227]: Received client request to flush runtime journal.
Feb 26 01:19:53 osboxes kernel: [    3.119406] vmwgfx 0000:00:02.0: vgaarb: deactivate vga console
Feb 26 01:19:53 osboxes kernel: [    3.120442] Console: switching to colour dummy device 80x25
Feb 26 01:19:53 osboxes kernel: [    3.122943] vmwgfx 0000:00:02.0: [drm] FIFO at 0x00000000f0000000 size is 2048 kiB
Feb 26 01:19:53 osboxes kernel: [    3.122957] vmwgfx 0000:00:02.0: [drm] VRAM at 0x00000000e0000000 size is 16384 kiB
Feb 26 01:19:53 osboxes kernel: [    3.122967] vmwgfx 0000:00:02.0: [drm] Running on SVGA version 2.
Feb 26 01:19:53 osboxes kernel: [    3.122974] vmwgfx 0000:00:02.0: [drm] Capabilities: rect copy, cursor, cursor bypass, cursor bypass 2, alpha cursor, extended fifo, pitchlock, irq mask, gmr, traces, gmr2, screen object 2, command buffers, 
Feb 26 01:19:53 osboxes kernel: [    3.122990] vmwgfx 0000:00:02.0: [drm] DMA map mode: Caching DMA mappings.
Feb 26 01:19:53 osboxes kernel: [    3.123034] vmwgfx 0000:00:02.0: [drm] Legacy memory limits: VRAM = 16384 kB, FIFO = 2048 kB, surface = 507904 kB
Feb 26 01:19:53 osboxes kernel: [    3.123036] vmwgfx 0000:00:02.0: [drm] MOB limits: max mob size = 0 kB, max mob pages = 0
Feb 26 01:19:53 osboxes kernel: [    3.123038] vmwgfx 0000:00:02.0: [drm] Max GMR ids is 8192
Feb 26 01:19:53 osboxes kernel: [    3.123040] vmwgfx 0000:00:02.0: [drm] Max number of GMR pages is 1048576
Feb 26 01:19:53 osboxes kernel: [    3.123041] vmwgfx 0000:00:02.0: [drm] Maximum display memory size is 16384 kiB
Feb 26 01:19:53 osboxes kernel: [    3.174518] vmwgfx 0000:00:02.0: [drm] Screen Object display unit initialized
Feb 26 01:19:53 osboxes kernel: [    3.174733] vmwgfx 0000:00:02.0: [drm] Fifo max 0x00200000 min 0x00001000 cap 0x00000355
Feb 26 01:19:53 osboxes kernel: [    3.174846] vmwgfx 0000:00:02.0: [drm] Using command buffers with DMA pool.
Feb 26 01:19:53 osboxes kernel: [    3.174856] vmwgfx 0000:00:02.0: [drm] Available shader model: Legacy.
Feb 26 01:19:53 osboxes kernel: [    3.174862] [drm:vmw_host_printf [vmwgfx]] *ERROR* Failed to send host log message.
Feb 26 01:19:53 osboxes kernel: [    3.176739] fbcon: svgadrmfb (fb0) is primary device
Feb 26 01:19:53 osboxes kernel: [    3.177414] Console: switching to colour frame buffer device 100x37
Feb 26 01:19:53 osboxes kernel: [    3.180232] [drm] Initialized vmwgfx 2.20.0 20211206 for 0000:00:02.0 on minor 0
Feb 26 01:19:53 osboxes kernel: [    3.345961] loop0: detected capacity change from 0 to 8
Feb 26 01:19:53 osboxes kernel: [    3.360262] loop1: detected capacity change from 0 to 488424
Feb 26 01:19:53 osboxes kernel: [    3.369243] loop2: detected capacity change from 0 to 129480
Feb 26 01:19:53 osboxes kernel: [    3.391183] loop3: detected capacity change from 0 to 709280
Feb 26 01:19:53 osboxes kernel: [    3.406769] loop4: detected capacity change from 0 to 187776
Feb 26 01:19:53 osboxes kernel: [    3.409180] loop5: detected capacity change from 0 to 94056
Feb 26 01:19:53 osboxes kernel: [    3.424609] loop6: detected capacity change from 0 to 98280
Feb 26 01:19:53 osboxes kernel: [    3.447024] loop7: detected capacity change from 0 to 568
Feb 26 01:19:53 osboxes kernel: [    4.489637] vboxguest: host-version: 7.0.6r155176 0x8000000f
Feb 26 01:19:53 osboxes kernel: [    4.513115] vbg_heartbeat_init: Setting up heartbeat to trigger every 2000 milliseconds
Feb 26 01:19:53 osboxes kernel: [    4.537577] input: VirtualBox mouse integration as /devices/pci0000:00/0000:00:04.0/input/input7
Feb 26 01:19:53 osboxes kernel: [    4.549523] vboxguest: misc device minor 123, IRQ 20, I/O port d040, MMIO at 0x00000000f0400000 (size 0x0000000000400000)
Feb 26 01:19:53 osboxes kernel: [    4.673861] Adding 8788988k swap on /dev/sda4.  Priority:-2 extents:1 across:8788988k FS
Feb 26 01:19:53 osboxes kernel: [    4.846342] EXT4-fs (sda5): mounted filesystem with ordered data mode. Quota mode: none.
Feb 26 01:19:53 osboxes kernel: [    4.978889] audit: type=1400 audit(1677392391.544:2): apparmor="STATUS" operation="profile_load" profile="unconfined" name="lsb_release" pid=403 comm="apparmor_parser"
Feb 26 01:19:53 osboxes kernel: [    4.988893] audit: type=1400 audit(1677392391.552:3): apparmor="STATUS" operation="profile_load" profile="unconfined" name="nvidia_modprobe" pid=405 comm="apparmor_parser"
Feb 26 01:19:53 osboxes kernel: [    4.988899] audit: type=1400 audit(1677392391.552:4): apparmor="STATUS" operation="profile_load" profile="unconfined" name="nvidia_modprobe//kmod" pid=405 comm="apparmor_parser"
Feb 26 01:19:53 osboxes kernel: [    5.022500] audit: type=1400 audit(1677392391.588:5): apparmor="STATUS" operation="profile_load" profile="unconfined" name="/usr/lib/NetworkManager/nm-dhcp-client.action" pid=406 comm="apparmor_parser"
Feb 26 01:19:53 osboxes kernel: [    5.022507] audit: type=1400 audit(1677392391.588:6): apparmor="STATUS" operation="profile_load" profile="unconfined" name="/usr/lib/NetworkManager/nm-dhcp-helper" pid=406 comm="apparmor_parser"
Feb 26 01:19:53 osboxes kernel: [    5.022510] audit: type=1400 audit(1677392391.588:7): apparmor="STATUS" operation="profile_load" profile="unconfined" name="/usr/lib/connman/scripts/dhclient-script" pid=406 comm="apparmor_parser"
Feb 26 01:19:53 osboxes kernel: [    5.022514] audit: type=1400 audit(1677392391.588:8): apparmor="STATUS" operation="profile_load" profile="unconfined" name="/{,usr/}sbin/dhclient" pid=406 comm="apparmor_parser"
Feb 26 01:19:53 osboxes kernel: [    5.094660] RAPL PMU: API unit is 2^-32 Joules, 0 fixed counters, 10737418240 ms ovfl timer
Feb 26 01:19:53 osboxes kernel: [    5.194340] audit: type=1400 audit(1677392391.760:9): apparmor="STATUS" operation="profile_load" profile="unconfined" name="/usr/bin/evince" pid=410 comm="apparmor_parser"
Feb 26 01:19:53 osboxes kernel: [    5.194349] audit: type=1400 audit(1677392391.760:10): apparmor="STATUS" operation="profile_load" profile="unconfined" name="/usr/bin/evince//sanitized_helper" pid=410 comm="apparmor_parser"
Feb 26 01:19:53 osboxes kernel: [    5.227646] kauditd_printk_skb: 6 callbacks suppressed
Feb 26 01:19:53 osboxes kernel: [    5.227649] audit: type=1400 audit(1677392391.792:17): apparmor="STATUS" operation="profile_load" profile="unconfined" name="tcpdump" pid=414 comm="apparmor_parser"
Feb 26 01:19:53 osboxes kernel: [    5.247541] audit: type=1400 audit(1677392391.812:18): apparmor="STATUS" operation="profile_load" profile="unconfined" name="libreoffice-oosplash" pid=415 comm="apparmor_parser"
Feb 26 01:19:53 osboxes kernel: [    5.259706] cryptd: max_cpu_qlen set to 1000
Feb 26 01:19:53 osboxes kernel: [    5.261868] audit: type=1400 audit(1677392391.824:19): apparmor="STATUS" operation="profile_load" profile="unconfined" name="libreoffice-senddoc" pid=417 comm="apparmor_parser"
Feb 26 01:19:53 osboxes kernel: [    5.432192] audit: type=1400 audit(1677392391.996:20): apparmor="STATUS" operation="profile_load" profile="unconfined" name="libreoffice-soffice" pid=418 comm="apparmor_parser"
Feb 26 01:19:53 osboxes kernel: [    5.432197] audit: type=1400 audit(1677392391.996:21): apparmor="STATUS" operation="profile_load" profile="unconfined" name="libreoffice-soffice//gpg" pid=418 comm="apparmor_parser"
Feb 26 01:19:53 osboxes kernel: [    5.439721] audit: type=1400 audit(1677392392.004:22): apparmor="STATUS" operation="profile_load" profile="unconfined" name="libreoffice-xpdfimport" pid=420 comm="apparmor_parser"
Feb 26 01:19:53 osboxes kernel: [    5.474015] audit: type=1400 audit(1677392392.036:23): apparmor="STATUS" operation="profile_load" profile="unconfined" name="/usr/lib/snapd/snap-confine" pid=421 comm="apparmor_parser"
Feb 26 01:19:53 osboxes kernel: [    5.474021] audit: type=1400 audit(1677392392.036:24): apparmor="STATUS" operation="profile_load" profile="unconfined" name="/usr/lib/snapd/snap-confine//mount-namespace-capture-helper" pid=421 comm="apparmor_parser"
Feb 26 01:19:53 osboxes kernel: [    5.481198] audit: type=1400 audit(1677392392.044:25): apparmor="STATUS" operation="profile_load" profile="unconfined" name="/usr/sbin/cups-browsed" pid=422 comm="apparmor_parser"
Feb 26 01:19:53 osboxes kernel: [    5.518951] audit: type=1400 audit(1677392392.084:26): apparmor="STATUS" operation="profile_load" profile="unconfined" name="/usr/lib/cups/backend/cups-pdf" pid=424 comm="apparmor_parser"
Feb 26 01:19:53 osboxes kernel: [    5.654969] AVX2 version of gcm_enc/dec engaged.
Feb 26 01:19:53 osboxes kernel: [    5.654991] AES CTR mode by8 optimization enabled
Feb 26 01:19:53 osboxes rsyslogd: imuxsock: Acquired UNIX socket '/run/systemd/journal/syslog' (fd 3) from systemd.  [v8.2208.0]
Feb 26 01:19:53 osboxes rsyslogd: rsyslogd's groupid changed to 110
Feb 26 01:19:53 osboxes rsyslogd: rsyslogd's userid changed to 103
Feb 26 01:19:53 osboxes rsyslogd: [origin software="rsyslogd" swVersion="8.2208.0" x-pid="508" x-info="https://www.rsyslog.com"] start
Feb 26 01:19:53 osboxes dbus-daemon[494]: [system] Successfully activated service 'org.freedesktop.systemd1'
Feb 26 01:19:53 osboxes systemd[1]: Started System Logging Service.
Feb 26 01:19:53 osboxes systemd[1]: grub-common.service: Deactivated successfully.
Feb 26 01:19:53 osboxes systemd[1]: Finished Record successful boot for GRUB.
Feb 26 01:19:53 osboxes systemd[1]: Started Avahi mDNS/DNS-SD Stack.
Feb 26 01:19:53 osboxes systemd[1]: Started Power Profiles daemon.
Feb 26 01:19:53 osboxes apport[486]:  * Starting automatic crash report generation: apport
Feb 26 01:19:53 osboxes systemd[1]: Started Authorization Manager.
Feb 26 01:19:53 osboxes systemd[1]: Started Switcheroo Control Proxy service.
Feb 26 01:19:53 osboxes systemd[1]: Starting Modem Manager...
Feb 26 01:19:53 osboxes apport[486]:    ...done.
Feb 26 01:19:53 osboxes systemd[1]: Starting Network Manager...
Feb 26 01:19:53 osboxes systemd[1]: Starting GRUB failed boot detection...
Feb 26 01:19:53 osboxes snapd[515]: AppArmor status: apparmor is enabled and all features are available
Feb 26 01:19:53 osboxes systemd[1]: Starting Load Kernel Module drm...
Feb 26 01:19:53 osboxes systemd[1]: Starting WPA supplicant...
Feb 26 01:19:53 osboxes systemd[1]: Started LSB: automatic crash report generation.
Feb 26 01:19:53 osboxes systemd[1]: modprobe@drm.service: Deactivated successfully.
Feb 26 01:19:53 osboxes accounts-daemon[482]: started daemon version 22.08.8
Feb 26 01:19:53 osboxes wpa_supplicant[589]: Successfully initialized wpa_supplicant
Feb 26 01:19:53 osboxes systemd[1]: Finished Load Kernel Module drm.
Feb 26 01:19:53 osboxes systemd[1]: grub-initrd-fallback.service: Deactivated successfully.
Feb 26 01:19:53 osboxes systemd[1]: Finished GRUB failed boot detection.
Feb 26 01:19:53 osboxes systemd[1]: Started WPA supplicant.
Feb 26 01:19:53 osboxes systemd[1]: Started Accounts Service.
Feb 26 01:19:53 osboxes snapd[515]: overlord.go:263: Acquiring state lock file
Feb 26 01:19:53 osboxes snapd[515]: overlord.go:268: Acquired state lock file
Feb 26 01:19:53 osboxes ModemManager[575]: <info>  ModemManager (version 1.19.1) starting in system bus...
Feb 26 01:19:53 osboxes dbus-daemon[494]: [system] Successfully activated service 'org.freedesktop.login1'
Feb 26 01:19:53 osboxes systemd[1]: Started User Login Management.
Feb 26 01:19:53 osboxes NetworkManager[580]: <info>  [1677392393.4229] NetworkManager (version 1.40.0) is starting... (boot:6d59df5c-c8ce-42a1-b21d-2cdfc7e72734)
Feb 26 01:19:53 osboxes NetworkManager[580]: <info>  [1677392393.4236] Read config: /etc/NetworkManager/NetworkManager.conf (lib: 10-dns-resolved.conf, 20-connectivity-ubuntu.conf, no-mac-addr-change.conf) (run: 10-globally-managed-devices.conf) (etc: default-wifi-powersave-on.conf)
Feb 26 01:19:53 osboxes systemd[1]: Started Network Manager.
Feb 26 01:19:53 osboxes systemd[1]: Reached target Network.
Feb 26 01:19:53 osboxes systemd[1]: Starting Network Manager Wait Online...
Feb 26 01:19:53 osboxes NetworkManager[580]: <info>  [1677392393.4506] bus-manager: acquired D-Bus service "org.freedesktop.NetworkManager"
Feb 26 01:19:53 osboxes systemd[1]: Starting CUPS Scheduler...
Feb 26 01:19:53 osboxes systemd[1]: Starting OpenVPN service...
Feb 26 01:19:53 osboxes NetworkManager[580]: <info>  [1677392393.5039] manager[0x5559acd41000]: monitoring kernel firmware directory '/lib/firmware'.
Feb 26 01:19:53 osboxes NetworkManager[580]: <info>  [1677392393.5043] monitoring ifupdown state file '/run/network/ifstate'.
Feb 26 01:19:53 osboxes dbus-daemon[494]: [system] Activating via systemd: service name='org.freedesktop.hostname1' unit='dbus-org.freedesktop.hostname1.service' requested by ':1.13' (uid=0 pid=580 comm="/usr/sbin/NetworkManager --no-daemon" label="unconfined")
Feb 26 01:19:53 osboxes systemd[1]: Starting Permit User Sessions...
Feb 26 01:19:53 osboxes systemd[1]: Started Unattended Upgrades Shutdown.
Feb 26 01:19:53 osboxes systemd[1]: Finished OpenVPN service.
Feb 26 01:19:53 osboxes systemd[1]: Finished Permit User Sessions.
Feb 26 01:19:53 osboxes systemd[1]: Started CUPS Scheduler.
Feb 26 01:19:53 osboxes systemd[1]: Started Modem Manager.
Feb 26 01:19:53 osboxes systemd[1]: Starting GNOME Display Manager...
Feb 26 01:19:53 osboxes systemd[1]: Starting Hold until boot process finishes up...
Feb 26 01:19:53 osboxes systemd[1]: Starting Hostname Service...
Feb 26 01:19:53 osboxes systemd[1]: Started Disk Manager.
Feb 26 01:19:53 osboxes udisksd[521]: Acquired the name org.freedesktop.UDisks2 on the system message bus
Feb 26 01:19:53 osboxes avahi-daemon[488]: Server startup complete. Host name is osboxes.local. Local service cookie is 2137218974.
Feb 26 01:19:53 osboxes systemd[1]: Started GNOME Display Manager.
Feb 26 01:19:53 osboxes snapd[515]: patch.go:64: Patching system state level 6 to sublevel 1...
Feb 26 01:19:53 osboxes systemd[1]: Received SIGRTMIN+21 from PID 290 (plymouthd).
Feb 26 01:19:54 osboxes snapd[515]: patch.go:64: Patching system state level 6 to sublevel 2...
Feb 26 01:19:54 osboxes snapd[515]: patch.go:64: Patching system state level 6 to sublevel 3...
Feb 26 01:19:54 osboxes systemd[1]: Created slice User Slice of UID 125.
Feb 26 01:19:54 osboxes systemd[1]: Starting User Runtime Directory /run/user/125...
Feb 26 01:19:54 osboxes systemd[1]: Finished User Runtime Directory /run/user/125.
Feb 26 01:19:54 osboxes systemd[1]: Starting User Manager for UID 125...
Feb 26 01:19:54 osboxes snapd[515]: daemon.go:247: started snapd/2.57.4+22.10ubuntu1 (series 16; classic) ubuntu/22.10 (amd64) linux/5.19.0-31-generic.
Feb 26 01:19:54 osboxes kernel: [    7.832053] loop8: detected capacity change from 0 to 8
Feb 26 01:19:54 osboxes dbus-daemon[494]: [system] Successfully activated service 'org.freedesktop.hostname1'
Feb 26 01:19:54 osboxes systemd[1]: Started Hostname Service.
Feb 26 01:19:54 osboxes NetworkManager[580]: <info>  [1677392394.4293] hostname: hostname: using hostnamed
Feb 26 01:19:54 osboxes NetworkManager[580]: <info>  [1677392394.4293] hostname: static hostname changed from (none) to "osboxes"
Feb 26 01:19:54 osboxes NetworkManager[580]: <info>  [1677392394.4304] dns-mgr: init: dns=systemd-resolved rc-manager=unmanaged (auto), plugin=systemd-resolved
Feb 26 01:19:54 osboxes NetworkManager[580]: <info>  [1677392394.4324] manager[0x5559acd41000]: rfkill: Wi-Fi hardware radio set enabled
Feb 26 01:19:54 osboxes NetworkManager[580]: <info>  [1677392394.4326] manager[0x5559acd41000]: rfkill: WWAN hardware radio set enabled
Feb 26 01:19:54 osboxes NetworkManager[580]: <info>  [1677392394.4421] Loaded device plugin: NMBluezManager (/usr/lib/x86_64-linux-gnu/NetworkManager/1.40.0/libnm-device-plugin-bluetooth.so)
Feb 26 01:19:54 osboxes snapd[515]: daemon.go:340: adjusting startup timeout by 1m10s (pessimistic estimate of 30s plus 5s per snap)
Feb 26 01:19:54 osboxes NetworkManager[580]: <info>  [1677392394.4484] Loaded device plugin: NMWifiFactory (/usr/lib/x86_64-linux-gnu/NetworkManager/1.40.0/libnm-device-plugin-wifi.so)
Feb 26 01:19:54 osboxes NetworkManager[580]: <info>  [1677392394.4509] Loaded device plugin: NMAtmManager (/usr/lib/x86_64-linux-gnu/NetworkManager/1.40.0/libnm-device-plugin-adsl.so)
Feb 26 01:19:54 osboxes systemd[1]: tmp-syscheck\x2dmountpoint\x2d2616579371.mount: Deactivated successfully.
Feb 26 01:19:54 osboxes NetworkManager[580]: <info>  [1677392394.4631] Loaded device plugin: NMTeamFactory (/usr/lib/x86_64-linux-gnu/NetworkManager/1.40.0/libnm-device-plugin-team.so)
Feb 26 01:19:54 osboxes NetworkManager[580]: <info>  [1677392394.4648] Loaded device plugin: NMWwanFactory (/usr/lib/x86_64-linux-gnu/NetworkManager/1.40.0/libnm-device-plugin-wwan.so)
Feb 26 01:19:54 osboxes kernel: [    7.904646] snd_intel8x0 0000:00:05.0: allow list rate for 1028:0177 is 48000
Feb 26 01:19:54 osboxes NetworkManager[580]: <info>  [1677392394.4735] manager: rfkill: Wi-Fi enabled by radio killswitch; enabled by state file
Feb 26 01:19:54 osboxes NetworkManager[580]: <info>  [1677392394.4761] manager: rfkill: WWAN enabled by radio killswitch; enabled by state file
Feb 26 01:19:54 osboxes NetworkManager[580]: <info>  [1677392394.4780] manager: Networking is enabled by state file
Feb 26 01:19:54 osboxes dbus-daemon[494]: [system] Activating via systemd: service name='org.freedesktop.nm_dispatcher' unit='dbus-org.freedesktop.nm-dispatcher.service' requested by ':1.13' (uid=0 pid=580 comm="/usr/sbin/NetworkManager --no-daemon" label="unconfined")
Feb 26 01:19:54 osboxes NetworkManager[580]: <info>  [1677392394.4818] settings: Loaded settings plugin: ifupdown ("/usr/lib/x86_64-linux-gnu/NetworkManager/1.40.0/libnm-settings-plugin-ifupdown.so")
Feb 26 01:19:54 osboxes NetworkManager[580]: <info>  [1677392394.4821] settings: Loaded settings plugin: keyfile (internal)
Feb 26 01:19:54 osboxes NetworkManager[580]: <info>  [1677392394.4823] ifupdown: management mode: unmanaged
Feb 26 01:19:54 osboxes NetworkManager[580]: <info>  [1677392394.4843] ifupdown: interfaces file /etc/network/interfaces doesn't exist
Feb 26 01:19:54 osboxes NetworkManager[580]: <info>  [1677392394.4966] dhcp: init: Using DHCP client 'internal'
Feb 26 01:19:54 osboxes NetworkManager[580]: <info>  [1677392394.4972] device (lo): carrier: link connected
Feb 26 01:19:54 osboxes NetworkManager[580]: <info>  [1677392394.5024] manager: (lo): new Generic device (/org/freedesktop/NetworkManager/Devices/1)
Feb 26 01:19:54 osboxes NetworkManager[580]: <info>  [1677392394.5210] manager: (enp0s3): new Ethernet device (/org/freedesktop/NetworkManager/Devices/2)
Feb 26 01:19:54 osboxes systemd[1]: Starting Network Manager Script Dispatcher Service...
Feb 26 01:19:54 osboxes NetworkManager[580]: <info>  [1677392394.5356] settings: (enp0s3): created default wired connection 'Wired connection 1'
Feb 26 01:19:54 osboxes NetworkManager[580]: <info>  [1677392394.5385] device (enp0s3): state change: unmanaged -> unavailable (reason 'managed', sys-iface-state: 'external')
Feb 26 01:19:54 osboxes kernel: [    7.986980] e1000: enp0s3 NIC Link is Up 1000 Mbps Full Duplex, Flow Control: RX
Feb 26 01:19:54 osboxes kernel: [    7.989534] IPv6: ADDRCONF(NETDEV_CHANGE): enp0s3: link becomes ready
Feb 26 01:19:54 osboxes NetworkManager[580]: <info>  [1677392394.5610] device (enp0s3): carrier: link connected
Feb 26 01:19:54 osboxes dbus-daemon[494]: [system] Successfully activated service 'org.freedesktop.nm_dispatcher'
Feb 26 01:19:54 osboxes systemd[1]: Started Network Manager Script Dispatcher Service.
Feb 26 01:19:54 osboxes NetworkManager[580]: <info>  [1677392394.5803] failed to open /run/network/ifstate
Feb 26 01:19:54 osboxes NetworkManager[580]: <info>  [1677392394.6142] modem-manager: ModemManager available
Feb 26 01:19:54 osboxes NetworkManager[580]: <info>  [1677392394.6246] device (enp0s3): state change: unavailable -> disconnected (reason 'none', sys-iface-state: 'managed')
Feb 26 01:19:54 osboxes NetworkManager[580]: <info>  [1677392394.6391] policy: auto-activating connection 'Wired connection 1' (8bda2cd9-94b7-376e-89cb-89adcbe4b4b5)
Feb 26 01:19:54 osboxes NetworkManager[580]: <info>  [1677392394.6414] device (enp0s3): Activation: starting connection 'Wired connection 1' (8bda2cd9-94b7-376e-89cb-89adcbe4b4b5)
Feb 26 01:19:54 osboxes NetworkManager[580]: <info>  [1677392394.6438] device (enp0s3): state change: disconnected -> prepare (reason 'none', sys-iface-state: 'managed')
Feb 26 01:19:54 osboxes NetworkManager[580]: <info>  [1677392394.6470] manager: NetworkManager state is now CONNECTING
Feb 26 01:19:54 osboxes NetworkManager[580]: <info>  [1677392394.6532] device (enp0s3): state change: prepare -> config (reason 'none', sys-iface-state: 'managed')
Feb 26 01:19:54 osboxes NetworkManager[580]: <info>  [1677392394.6591] device (enp0s3): state change: config -> ip-config (reason 'none', sys-iface-state: 'managed')
Feb 26 01:19:54 osboxes NetworkManager[580]: <info>  [1677392394.6639] dhcp4 (enp0s3): activation: beginning transaction (timeout in 45 seconds)
Feb 26 01:19:54 osboxes avahi-daemon[488]: Joining mDNS multicast group on interface enp0s3.IPv6 with address fe80::5c71:7ed6:639b:95d8.
Feb 26 01:19:54 osboxes avahi-daemon[488]: New relevant interface enp0s3.IPv6 for mDNS.
Feb 26 01:19:54 osboxes avahi-daemon[488]: Registering new address record for fe80::5c71:7ed6:639b:95d8 on enp0s3.*.
